Archive member included because of file (symbol)

c:/winavr-20100110/bin/../lib/gcc/avr/4.3.3/avr5\libgcc.a(_udivmodqi4.o)
                              ./peripherals/src/clock.o (__udivmodqi4)
c:/winavr-20100110/bin/../lib/gcc/avr/4.3.3/avr5\libgcc.a(_divmodhi4.o)
                              ./peripherals/src/hardware.o (__divmodhi4)
c:/winavr-20100110/bin/../lib/gcc/avr/4.3.3/avr5\libgcc.a(_exit.o)
                              c:/winavr-20100110/bin/../lib/gcc/avr/4.3.3/../../../../avr/lib/avr5/crtm64.o (exit)
c:/winavr-20100110/bin/../lib/gcc/avr/4.3.3/avr5\libgcc.a(_copy_data.o)
                              ./peripherals/src/clock.o (__do_copy_data)
c:/winavr-20100110/bin/../lib/gcc/avr/4.3.3/avr5\libgcc.a(_clear_bss.o)
                              ./peripherals/src/hardware.o (__do_clear_bss)
c:/winavr-20100110/bin/../lib/gcc/avr/4.3.3/avr5\libgcc.a(_div_sf.o)
                              ./peripherals/src/dht.o (__divsf3)
c:/winavr-20100110/bin/../lib/gcc/avr/4.3.3/avr5\libgcc.a(_gt_sf.o)
                              ./peripherals/src/mynixie.o (__gtsf2)
c:/winavr-20100110/bin/../lib/gcc/avr/4.3.3/avr5\libgcc.a(_thenan_sf.o)
                              c:/winavr-20100110/bin/../lib/gcc/avr/4.3.3/avr5\libgcc.a(_div_sf.o) (__thenan_sf)
c:/winavr-20100110/bin/../lib/gcc/avr/4.3.3/avr5\libgcc.a(_usi_to_sf.o)
                              ./peripherals/src/dht.o (__floatunsisf)
c:/winavr-20100110/bin/../lib/gcc/avr/4.3.3/avr5\libgcc.a(_udivmodhi4.o)
                              c:/winavr-20100110/bin/../lib/gcc/avr/4.3.3/avr5\libgcc.a(_divmodhi4.o) (__udivmodhi4)
c:/winavr-20100110/bin/../lib/gcc/avr/4.3.3/avr5\libgcc.a(_prologue.o)
                              c:/winavr-20100110/bin/../lib/gcc/avr/4.3.3/avr5\libgcc.a(_div_sf.o) (__prologue_saves__)
c:/winavr-20100110/bin/../lib/gcc/avr/4.3.3/avr5\libgcc.a(_epilogue.o)
                              c:/winavr-20100110/bin/../lib/gcc/avr/4.3.3/avr5\libgcc.a(_div_sf.o) (__epilogue_restores__)
c:/winavr-20100110/bin/../lib/gcc/avr/4.3.3/avr5\libgcc.a(_clzsi2.o)
                              c:/winavr-20100110/bin/../lib/gcc/avr/4.3.3/avr5\libgcc.a(_usi_to_sf.o) (__clzsi2)
c:/winavr-20100110/bin/../lib/gcc/avr/4.3.3/avr5\libgcc.a(_pack_sf.o)
                              c:/winavr-20100110/bin/../lib/gcc/avr/4.3.3/avr5\libgcc.a(_div_sf.o) (__pack_f)
c:/winavr-20100110/bin/../lib/gcc/avr/4.3.3/avr5\libgcc.a(_unpack_sf.o)
                              c:/winavr-20100110/bin/../lib/gcc/avr/4.3.3/avr5\libgcc.a(_div_sf.o) (__unpack_f)
c:/winavr-20100110/bin/../lib/gcc/avr/4.3.3/avr5\libgcc.a(_fpcmp_parts_sf.o)
                              c:/winavr-20100110/bin/../lib/gcc/avr/4.3.3/avr5\libgcc.a(_gt_sf.o) (__fpcmp_parts_f)
c:/winavr-20100110/bin/../lib/gcc/avr/4.3.3/avr5\libgcc.a(_clz.o)
                              c:/winavr-20100110/bin/../lib/gcc/avr/4.3.3/avr5\libgcc.a(_clzsi2.o) (__clz_tab)
c:/winavr-20100110/bin/../lib/gcc/avr/4.3.3/../../../../avr/lib/avr5\libc.a(dtostrf.o)
                              ./main.o (dtostrf)
c:/winavr-20100110/bin/../lib/gcc/avr/4.3.3/../../../../avr/lib/avr5\libc.a(malloc.o)
                              ./peripherals/src/hardware.o (malloc)
c:/winavr-20100110/bin/../lib/gcc/avr/4.3.3/../../../../avr/lib/avr5\libc.a(rand.o)
                              ./peripherals/src/hardware.o (rand)
c:/winavr-20100110/bin/../lib/gcc/avr/4.3.3/../../../../avr/lib/avr5\libc.a(atof.o)
                              ./peripherals/src/mynixie.o (atof)
c:/winavr-20100110/bin/../lib/gcc/avr/4.3.3/../../../../avr/lib/avr5\libc.a(atoi.o)
                              ./peripherals/src/hardware.o (atoi)
c:/winavr-20100110/bin/../lib/gcc/avr/4.3.3/../../../../avr/lib/avr5\libc.a(memcpy.o)
                              ./peripherals/src/hardware.o (memcpy)
c:/winavr-20100110/bin/../lib/gcc/avr/4.3.3/../../../../avr/lib/avr5\libc.a(strcat.o)
                              ./peripherals/src/hardware.o (strcat)
c:/winavr-20100110/bin/../lib/gcc/avr/4.3.3/../../../../avr/lib/avr5\libc.a(strcpy.o)
                              ./peripherals/src/hardware.o (strcpy)
c:/winavr-20100110/bin/../lib/gcc/avr/4.3.3/../../../../avr/lib/avr5\libc.a(strncpy.o)
                              ./peripherals/src/hardware.o (strncpy)
c:/winavr-20100110/bin/../lib/gcc/avr/4.3.3/../../../../avr/lib/avr5\libc.a(strstr.o)
                              ./peripherals/src/hardware.o (strstr)
c:/winavr-20100110/bin/../lib/gcc/avr/4.3.3/../../../../avr/lib/avr5\libc.a(itoa.o)
                              ./peripherals/src/hardware.o (itoa)
c:/winavr-20100110/bin/../lib/gcc/avr/4.3.3/../../../../avr/lib/avr5\libc.a(mul10.o)
                              c:/winavr-20100110/bin/../lib/gcc/avr/4.3.3/../../../../avr/lib/avr5\libc.a(atoi.o) (__mulhi_const_10)
c:/winavr-20100110/bin/../lib/gcc/avr/4.3.3/../../../../avr/lib/avr5\libc.a(vsprintf.o)
                              ./peripherals/src/hardware.o (vsprintf)
c:/winavr-20100110/bin/../lib/gcc/avr/4.3.3/../../../../avr/lib/avr5\libc.a(vfprintf_std.o)
                              c:/winavr-20100110/bin/../lib/gcc/avr/4.3.3/../../../../avr/lib/avr5\libc.a(vsprintf.o) (vfprintf)
c:/winavr-20100110/bin/../lib/gcc/avr/4.3.3/../../../../avr/lib/avr5\libc.a(dtoa_prf.o)
                              c:/winavr-20100110/bin/../lib/gcc/avr/4.3.3/../../../../avr/lib/avr5\libc.a(dtostrf.o) (dtoa_prf)
c:/winavr-20100110/bin/../lib/gcc/avr/4.3.3/../../../../avr/lib/avr5\libc.a(strtod.o)
                              c:/winavr-20100110/bin/../lib/gcc/avr/4.3.3/../../../../avr/lib/avr5\libc.a(atof.o) (strtod)
c:/winavr-20100110/bin/../lib/gcc/avr/4.3.3/../../../../avr/lib/avr5\libc.a(ftoa_engine.o)
                              c:/winavr-20100110/bin/../lib/gcc/avr/4.3.3/../../../../avr/lib/avr5\libc.a(dtoa_prf.o) (__ftoa_engine)
c:/winavr-20100110/bin/../lib/gcc/avr/4.3.3/../../../../avr/lib/avr5\libc.a(isspace.o)
                              c:/winavr-20100110/bin/../lib/gcc/avr/4.3.3/../../../../avr/lib/avr5\libc.a(strtod.o) (isspace)
c:/winavr-20100110/bin/../lib/gcc/avr/4.3.3/../../../../avr/lib/avr5\libc.a(strncasecmp_P.o)
                              c:/winavr-20100110/bin/../lib/gcc/avr/4.3.3/../../../../avr/lib/avr5\libc.a(strtod.o) (strncasecmp_P)
c:/winavr-20100110/bin/../lib/gcc/avr/4.3.3/../../../../avr/lib/avr5\libc.a(strnlen_P.o)
                              c:/winavr-20100110/bin/../lib/gcc/avr/4.3.3/../../../../avr/lib/avr5\libc.a(vfprintf_std.o) (strnlen_P)
c:/winavr-20100110/bin/../lib/gcc/avr/4.3.3/../../../../avr/lib/avr5\libc.a(strnlen.o)
                              c:/winavr-20100110/bin/../lib/gcc/avr/4.3.3/../../../../avr/lib/avr5\libc.a(vfprintf_std.o) (strnlen)
c:/winavr-20100110/bin/../lib/gcc/avr/4.3.3/../../../../avr/lib/avr5\libc.a(strrev.o)
                              c:/winavr-20100110/bin/../lib/gcc/avr/4.3.3/../../../../avr/lib/avr5\libc.a(itoa.o) (strrev)
c:/winavr-20100110/bin/../lib/gcc/avr/4.3.3/../../../../avr/lib/avr5\libc.a(fputc.o)
                              c:/winavr-20100110/bin/../lib/gcc/avr/4.3.3/../../../../avr/lib/avr5\libc.a(vfprintf_std.o) (fputc)
c:/winavr-20100110/bin/../lib/gcc/avr/4.3.3/../../../../avr/lib/avr5\libc.a(ultoa_invert.o)
                              c:/winavr-20100110/bin/../lib/gcc/avr/4.3.3/../../../../avr/lib/avr5\libc.a(vfprintf_std.o) (__ultoa_invert)
c:/winavr-20100110/bin/../lib/gcc/avr/4.3.3/../../../../avr/lib/avr5\libc.a(cmpsf2.o)
                              c:/winavr-20100110/bin/../lib/gcc/avr/4.3.3/../../../../avr/lib/avr5\libc.a(strtod.o) (__eqsf2)
c:/winavr-20100110/bin/../lib/gcc/avr/4.3.3/../../../../avr/lib/avr5\libc.a(fp_cmp.o)
                              c:/winavr-20100110/bin/../lib/gcc/avr/4.3.3/../../../../avr/lib/avr5\libc.a(cmpsf2.o) (__fp_cmp)
c:/winavr-20100110/bin/../lib/gcc/avr/4.3.3/../../../../avr/lib/avr5\libc.a(mulsf3.o)
                              c:/winavr-20100110/bin/../lib/gcc/avr/4.3.3/../../../../avr/lib/avr5\libc.a(strtod.o) (__mulsf3)
c:/winavr-20100110/bin/../lib/gcc/avr/4.3.3/../../../../avr/lib/avr5\libc.a(mulsf3x.o)
                              c:/winavr-20100110/bin/../lib/gcc/avr/4.3.3/../../../../avr/lib/avr5\libc.a(mulsf3.o) (__mulsf3x)
c:/winavr-20100110/bin/../lib/gcc/avr/4.3.3/../../../../avr/lib/avr5\libc.a(errno.o)
                              c:/winavr-20100110/bin/../lib/gcc/avr/4.3.3/../../../../avr/lib/avr5\libc.a(strtod.o) (errno)
c:/winavr-20100110/bin/../lib/gcc/avr/4.3.3/../../../../avr/lib/avr5\libc.a(cty_isfalse.o)
                              c:/winavr-20100110/bin/../lib/gcc/avr/4.3.3/../../../../avr/lib/avr5\libc.a(isspace.o) (__ctype_isfalse)
c:/winavr-20100110/bin/../lib/gcc/avr/4.3.3/../../../../avr/lib/avr5\libc.a(fp_inf.o)
                              c:/winavr-20100110/bin/../lib/gcc/avr/4.3.3/../../../../avr/lib/avr5\libc.a(mulsf3x.o) (__fp_inf)
c:/winavr-20100110/bin/../lib/gcc/avr/4.3.3/../../../../avr/lib/avr5\libc.a(fp_nan.o)
                              c:/winavr-20100110/bin/../lib/gcc/avr/4.3.3/../../../../avr/lib/avr5\libc.a(mulsf3x.o) (__fp_nan)
c:/winavr-20100110/bin/../lib/gcc/avr/4.3.3/../../../../avr/lib/avr5\libc.a(fp_pscA.o)
                              c:/winavr-20100110/bin/../lib/gcc/avr/4.3.3/../../../../avr/lib/avr5\libc.a(mulsf3x.o) (__fp_pscA)
c:/winavr-20100110/bin/../lib/gcc/avr/4.3.3/../../../../avr/lib/avr5\libc.a(fp_pscB.o)
                              c:/winavr-20100110/bin/../lib/gcc/avr/4.3.3/../../../../avr/lib/avr5\libc.a(mulsf3x.o) (__fp_pscB)
c:/winavr-20100110/bin/../lib/gcc/avr/4.3.3/../../../../avr/lib/avr5\libc.a(fp_round.o)
                              c:/winavr-20100110/bin/../lib/gcc/avr/4.3.3/../../../../avr/lib/avr5\libc.a(mulsf3.o) (__fp_round)
c:/winavr-20100110/bin/../lib/gcc/avr/4.3.3/../../../../avr/lib/avr5\libc.a(fp_split3.o)
                              c:/winavr-20100110/bin/../lib/gcc/avr/4.3.3/../../../../avr/lib/avr5\libc.a(mulsf3x.o) (__fp_split3)
c:/winavr-20100110/bin/../lib/gcc/avr/4.3.3/../../../../avr/lib/avr5\libc.a(fp_zero.o)
                              c:/winavr-20100110/bin/../lib/gcc/avr/4.3.3/../../../../avr/lib/avr5\libc.a(mulsf3x.o) (__fp_szero)
c:/winavr-20100110/bin/../lib/gcc/avr/4.3.3/avr5\libgcc.a(_mulsi3.o)
                              c:/winavr-20100110/bin/../lib/gcc/avr/4.3.3/../../../../avr/lib/avr5\libc.a(rand.o) (__mulsi3)
c:/winavr-20100110/bin/../lib/gcc/avr/4.3.3/avr5\libgcc.a(_divmodsi4.o)
                              c:/winavr-20100110/bin/../lib/gcc/avr/4.3.3/../../../../avr/lib/avr5\libc.a(rand.o) (__divmodsi4)
c:/winavr-20100110/bin/../lib/gcc/avr/4.3.3/avr5\libgcc.a(_udivmodsi4.o)
                              c:/winavr-20100110/bin/../lib/gcc/avr/4.3.3/avr5\libgcc.a(_divmodsi4.o) (__udivmodsi4)

Allocating common symbols
Common symbol       size              file

digit               0x4               ./peripherals/src/hardware.o
nrf_message         0x20              ./peripherals/src/hardware.o
errno               0x2               c:/winavr-20100110/bin/../lib/gcc/avr/4.3.3/../../../../avr/lib/avr5\libc.a(errno.o)
bufferin            0x20              ./main.o
temp                0x2               ./main.o
tim2                0x2               ./main.o
__brkval            0x2               c:/winavr-20100110/bin/../lib/gcc/avr/4.3.3/../../../../avr/lib/avr5\libc.a(malloc.o)
pipe                0x1               ./peripherals/src/hardware.o
rx_buffer_deb       0x1e              ./peripherals/src/uart.o
lcd_rollmsg_array   0x3c              ./peripherals/src/hardware.o
temp_ch             0x5               ./main.o
rx_buffer_eth       0x1c2             ./peripherals/src/uart.o
actTime             0x7               ./peripherals/src/hardware.o
ext_measuredData    0x23              ./peripherals/src/hardware.o
__flp               0x2               c:/winavr-20100110/bin/../lib/gcc/avr/4.3.3/../../../../avr/lib/avr5\libc.a(malloc.o)
loc_measuredData    0x10              ./peripherals/src/hardware.o
printbuff           0x3               ./peripherals/src/hardware.o

Memory Configuration

Name             Origin             Length             Attributes
text             0x00000000         0x00020000         xr
data             0x00800060         0x0000ffa0         rw !x
eeprom           0x00810000         0x00010000         rw !x
fuse             0x00820000         0x00000400         rw !x
lock             0x00830000         0x00000400         rw !x
signature        0x00840000         0x00000400         rw !x
*default*        0x00000000         0xffffffff

Linker script and memory map

Address of section .data set to 0x800100
LOAD c:/winavr-20100110/bin/../lib/gcc/avr/4.3.3/../../../../avr/lib/avr5/crtm64.o
LOAD ./peripherals/src/I2C.o
LOAD ./peripherals/src/clock.o
LOAD ./peripherals/src/dht.o
LOAD ./peripherals/src/ds1307.o
LOAD ./peripherals/src/hardware.o
LOAD ./peripherals/src/lcd.o
LOAD ./peripherals/src/mynixie.o
LOAD ./peripherals/src/nrf24l01.o
LOAD ./peripherals/src/spi.o
LOAD ./peripherals/src/uart.o
LOAD ./main.o
LOAD c:/winavr-20100110/bin/../lib/gcc/avr/4.3.3/avr5\libgcc.a
LOAD c:/winavr-20100110/bin/../lib/gcc/avr/4.3.3/../../../../avr/lib/avr5\libc.a
LOAD c:/winavr-20100110/bin/../lib/gcc/avr/4.3.3/avr5\libgcc.a

.hash
 *(.hash)

.dynsym
 *(.dynsym)

.dynstr
 *(.dynstr)

.gnu.version
 *(.gnu.version)

.gnu.version_d
 *(.gnu.version_d)

.gnu.version_r
 *(.gnu.version_r)

.rel.init
 *(.rel.init)

.rela.init
 *(.rela.init)

.rel.text
 *(.rel.text)
 *(.rel.text.*)
 *(.rel.gnu.linkonce.t*)

.rela.text
 *(.rela.text)
 *(.rela.text.*)
 *(.rela.gnu.linkonce.t*)

.rel.fini
 *(.rel.fini)

.rela.fini
 *(.rela.fini)

.rel.rodata
 *(.rel.rodata)
 *(.rel.rodata.*)
 *(.rel.gnu.linkonce.r*)

.rela.rodata
 *(.rela.rodata)
 *(.rela.rodata.*)
 *(.rela.gnu.linkonce.r*)

.rel.data
 *(.rel.data)
 *(.rel.data.*)
 *(.rel.gnu.linkonce.d*)

.rela.data
 *(.rela.data)
 *(.rela.data.*)
 *(.rela.gnu.linkonce.d*)

.rel.ctors
 *(.rel.ctors)

.rela.ctors
 *(.rela.ctors)

.rel.dtors
 *(.rel.dtors)

.rela.dtors
 *(.rela.dtors)

.rel.got
 *(.rel.got)

.rela.got
 *(.rela.got)

.rel.bss
 *(.rel.bss)

.rela.bss
 *(.rela.bss)

.rel.plt
 *(.rel.plt)

.rela.plt
 *(.rela.plt)

.text           0x00000000     0x5878
 *(.vectors)
 .vectors       0x00000000       0x8c c:/winavr-20100110/bin/../lib/gcc/avr/4.3.3/../../../../avr/lib/avr5/crtm64.o
                0x00000000                __vectors
 *(.vectors)
 *(.progmem.gcc*)
 *(.progmem*)
 .progmem.data  0x0000008c      0x200 ./peripherals/src/mynixie.o
                0x0000008c                pwmtable
 .progmem.data  0x0000028c       0x3b c:/winavr-20100110/bin/../lib/gcc/avr/4.3.3/../../../../avr/lib/avr5\libc.a(strtod.o)
 .progmem.data  0x000002c7       0xfa c:/winavr-20100110/bin/../lib/gcc/avr/4.3.3/../../../../avr/lib/avr5\libc.a(ftoa_engine.o)
                0x000003c2                . = ALIGN (0x2)
 *fill*         0x000003c1        0x1 00
                0x000003c2                __trampolines_start = .
 *(.trampolines)
 .trampolines   0x000003c2        0x0 linker stubs
 *(.trampolines*)
                0x000003c2                __trampolines_end = .
 *(.jumptables)
 *(.jumptables*)
 *(.lowtext)
 *(.lowtext*)
                0x000003c2                __ctors_start = .
 *(.ctors)
                0x000003c2                __ctors_end = .
                0x000003c2                __dtors_start = .
 *(.dtors)
                0x000003c2                __dtors_end = .
 SORT(*)(.ctors)
 SORT(*)(.dtors)
 *(.init0)
 .init0         0x000003c2        0x0 c:/winavr-20100110/bin/../lib/gcc/avr/4.3.3/../../../../avr/lib/avr5/crtm64.o
                0x000003c2                __init
 *(.init0)
 *(.init1)
 *(.init1)
 *(.init2)
 .init2         0x000003c2        0xc c:/winavr-20100110/bin/../lib/gcc/avr/4.3.3/../../../../avr/lib/avr5/crtm64.o
 *(.init2)
 *(.init3)
 *(.init3)
 *(.init4)
 .init4         0x000003ce       0x16 c:/winavr-20100110/bin/../lib/gcc/avr/4.3.3/avr5\libgcc.a(_copy_data.o)
                0x000003ce                __do_copy_data
 .init4         0x000003e4       0x10 c:/winavr-20100110/bin/../lib/gcc/avr/4.3.3/avr5\libgcc.a(_clear_bss.o)
                0x000003e4                __do_clear_bss
 *(.init4)
 *(.init5)
 *(.init5)
 *(.init6)
 *(.init6)
 *(.init7)
 *(.init7)
 *(.init8)
 *(.init8)
 *(.init9)
 .init9         0x000003f4        0x8 c:/winavr-20100110/bin/../lib/gcc/avr/4.3.3/../../../../avr/lib/avr5/crtm64.o
 *(.init9)
 *(.text)
 .text          0x000003fc        0x4 c:/winavr-20100110/bin/../lib/gcc/avr/4.3.3/../../../../avr/lib/avr5/crtm64.o
                0x000003fc                __vector_22
                0x000003fc                __vector_28
                0x000003fc                __vector_1
                0x000003fc                __vector_34
                0x000003fc                __vector_24
                0x000003fc                __vector_12
                0x000003fc                __bad_interrupt
                0x000003fc                __vector_31
                0x000003fc                __vector_3
                0x000003fc                __vector_23
                0x000003fc                __vector_25
                0x000003fc                __vector_11
                0x000003fc                __vector_13
                0x000003fc                __vector_17
                0x000003fc                __vector_19
                0x000003fc                __vector_27
                0x000003fc                __vector_5
                0x000003fc                __vector_33
                0x000003fc                __vector_4
                0x000003fc                __vector_9
                0x000003fc                __vector_21
                0x000003fc                __vector_15
                0x000003fc                __vector_29
                0x000003fc                __vector_26
                0x000003fc                __vector_14
                0x000003fc                __vector_16
                0x000003fc                __vector_20
 .text          0x00000400        0x0 ./peripherals/src/I2C.o
 .text          0x00000400        0x0 ./peripherals/src/clock.o
 .text          0x00000400        0x0 ./peripherals/src/dht.o
 .text          0x00000400        0x0 ./peripherals/src/ds1307.o
 .text          0x00000400        0x0 ./peripherals/src/hardware.o
 .text          0x00000400        0x0 ./peripherals/src/lcd.o
 .text          0x00000400        0x0 ./peripherals/src/mynixie.o
 .text          0x00000400        0x0 ./peripherals/src/nrf24l01.o
 .text          0x00000400        0x0 ./peripherals/src/spi.o
 .text          0x00000400        0x0 ./peripherals/src/uart.o
 .text          0x00000400        0x0 ./main.o
 .text          0x00000400        0x0 c:/winavr-20100110/bin/../lib/gcc/avr/4.3.3/avr5\libgcc.a(_udivmodqi4.o)
 .text          0x00000400        0x0 c:/winavr-20100110/bin/../lib/gcc/avr/4.3.3/avr5\libgcc.a(_divmodhi4.o)
 .text          0x00000400        0x0 c:/winavr-20100110/bin/../lib/gcc/avr/4.3.3/avr5\libgcc.a(_exit.o)
 .text          0x00000400        0x0 c:/winavr-20100110/bin/../lib/gcc/avr/4.3.3/avr5\libgcc.a(_copy_data.o)
 .text          0x00000400        0x0 c:/winavr-20100110/bin/../lib/gcc/avr/4.3.3/avr5\libgcc.a(_clear_bss.o)
 .text          0x00000400      0x158 c:/winavr-20100110/bin/../lib/gcc/avr/4.3.3/avr5\libgcc.a(_div_sf.o)
                0x00000400                __divsf3
 .text          0x00000558       0x60 c:/winavr-20100110/bin/../lib/gcc/avr/4.3.3/avr5\libgcc.a(_gt_sf.o)
                0x00000558                __gtsf2
 .text          0x000005b8        0x0 c:/winavr-20100110/bin/../lib/gcc/avr/4.3.3/avr5\libgcc.a(_thenan_sf.o)
 .text          0x000005b8       0xf2 c:/winavr-20100110/bin/../lib/gcc/avr/4.3.3/avr5\libgcc.a(_usi_to_sf.o)
                0x000005b8                __floatunsisf
 .text          0x000006aa        0x0 c:/winavr-20100110/bin/../lib/gcc/avr/4.3.3/avr5\libgcc.a(_udivmodhi4.o)
 .text          0x000006aa        0x0 c:/winavr-20100110/bin/../lib/gcc/avr/4.3.3/avr5\libgcc.a(_prologue.o)
 .text          0x000006aa        0x0 c:/winavr-20100110/bin/../lib/gcc/avr/4.3.3/avr5\libgcc.a(_epilogue.o)
 .text          0x000006aa       0x9e c:/winavr-20100110/bin/../lib/gcc/avr/4.3.3/avr5\libgcc.a(_clzsi2.o)
                0x000006aa                __clzsi2
 .text          0x00000748      0x1aa c:/winavr-20100110/bin/../lib/gcc/avr/4.3.3/avr5\libgcc.a(_pack_sf.o)
                0x00000748                __pack_f
 .text          0x000008f2       0xf0 c:/winavr-20100110/bin/../lib/gcc/avr/4.3.3/avr5\libgcc.a(_unpack_sf.o)
                0x000008f2                __unpack_f
 .text          0x000009e2       0xb2 c:/winavr-20100110/bin/../lib/gcc/avr/4.3.3/avr5\libgcc.a(_fpcmp_parts_sf.o)
                0x000009e2                __fpcmp_parts_f
 .text          0x00000a94        0x0 c:/winavr-20100110/bin/../lib/gcc/avr/4.3.3/avr5\libgcc.a(_clz.o)
 .text          0x00000a94        0x0 c:/winavr-20100110/bin/../lib/gcc/avr/4.3.3/../../../../avr/lib/avr5\libc.a(dtostrf.o)
 .text          0x00000a94        0x0 c:/winavr-20100110/bin/../lib/gcc/avr/4.3.3/../../../../avr/lib/avr5\libc.a(malloc.o)
 .text          0x00000a94        0x0 c:/winavr-20100110/bin/../lib/gcc/avr/4.3.3/../../../../avr/lib/avr5\libc.a(rand.o)
 .text          0x00000a94        0x0 c:/winavr-20100110/bin/../lib/gcc/avr/4.3.3/../../../../avr/lib/avr5\libc.a(atof.o)
 .text          0x00000a94        0x0 c:/winavr-20100110/bin/../lib/gcc/avr/4.3.3/../../../../avr/lib/avr5\libc.a(atoi.o)
 .text          0x00000a94        0x0 c:/winavr-20100110/bin/../lib/gcc/avr/4.3.3/../../../../avr/lib/avr5\libc.a(memcpy.o)
 .text          0x00000a94        0x0 c:/winavr-20100110/bin/../lib/gcc/avr/4.3.3/../../../../avr/lib/avr5\libc.a(strcat.o)
 .text          0x00000a94        0x0 c:/winavr-20100110/bin/../lib/gcc/avr/4.3.3/../../../../avr/lib/avr5\libc.a(strcpy.o)
 .text          0x00000a94        0x0 c:/winavr-20100110/bin/../lib/gcc/avr/4.3.3/../../../../avr/lib/avr5\libc.a(strncpy.o)
 .text          0x00000a94        0x0 c:/winavr-20100110/bin/../lib/gcc/avr/4.3.3/../../../../avr/lib/avr5\libc.a(strstr.o)
 .text          0x00000a94        0x0 c:/winavr-20100110/bin/../lib/gcc/avr/4.3.3/../../../../avr/lib/avr5\libc.a(itoa.o)
 .text          0x00000a94        0x0 c:/winavr-20100110/bin/../lib/gcc/avr/4.3.3/../../../../avr/lib/avr5\libc.a(mul10.o)
 .text          0x00000a94        0x0 c:/winavr-20100110/bin/../lib/gcc/avr/4.3.3/../../../../avr/lib/avr5\libc.a(vsprintf.o)
 .text          0x00000a94        0x0 c:/winavr-20100110/bin/../lib/gcc/avr/4.3.3/../../../../avr/lib/avr5\libc.a(vfprintf_std.o)
 .text          0x00000a94        0x0 c:/winavr-20100110/bin/../lib/gcc/avr/4.3.3/../../../../avr/lib/avr5\libc.a(dtoa_prf.o)
 .text          0x00000a94        0x0 c:/winavr-20100110/bin/../lib/gcc/avr/4.3.3/../../../../avr/lib/avr5\libc.a(strtod.o)
 .text          0x00000a94        0x0 c:/winavr-20100110/bin/../lib/gcc/avr/4.3.3/../../../../avr/lib/avr5\libc.a(ftoa_engine.o)
 .text          0x00000a94        0x0 c:/winavr-20100110/bin/../lib/gcc/avr/4.3.3/../../../../avr/lib/avr5\libc.a(isspace.o)
 .text          0x00000a94        0x0 c:/winavr-20100110/bin/../lib/gcc/avr/4.3.3/../../../../avr/lib/avr5\libc.a(strncasecmp_P.o)
 .text          0x00000a94        0x0 c:/winavr-20100110/bin/../lib/gcc/avr/4.3.3/../../../../avr/lib/avr5\libc.a(strnlen_P.o)
 .text          0x00000a94        0x0 c:/winavr-20100110/bin/../lib/gcc/avr/4.3.3/../../../../avr/lib/avr5\libc.a(strnlen.o)
 .text          0x00000a94        0x0 c:/winavr-20100110/bin/../lib/gcc/avr/4.3.3/../../../../avr/lib/avr5\libc.a(strrev.o)
 .text          0x00000a94        0x0 c:/winavr-20100110/bin/../lib/gcc/avr/4.3.3/../../../../avr/lib/avr5\libc.a(fputc.o)
 .text          0x00000a94        0x0 c:/winavr-20100110/bin/../lib/gcc/avr/4.3.3/../../../../avr/lib/avr5\libc.a(ultoa_invert.o)
 .text          0x00000a94        0x0 c:/winavr-20100110/bin/../lib/gcc/avr/4.3.3/../../../../avr/lib/avr5\libc.a(cmpsf2.o)
 .text          0x00000a94        0x0 c:/winavr-20100110/bin/../lib/gcc/avr/4.3.3/../../../../avr/lib/avr5\libc.a(fp_cmp.o)
 .text          0x00000a94        0x0 c:/winavr-20100110/bin/../lib/gcc/avr/4.3.3/../../../../avr/lib/avr5\libc.a(mulsf3.o)
 .text          0x00000a94        0x0 c:/winavr-20100110/bin/../lib/gcc/avr/4.3.3/../../../../avr/lib/avr5\libc.a(mulsf3x.o)
 .text          0x00000a94        0x0 c:/winavr-20100110/bin/../lib/gcc/avr/4.3.3/../../../../avr/lib/avr5\libc.a(errno.o)
 .text          0x00000a94        0x0 c:/winavr-20100110/bin/../lib/gcc/avr/4.3.3/../../../../avr/lib/avr5\libc.a(cty_isfalse.o)
 .text          0x00000a94        0x0 c:/winavr-20100110/bin/../lib/gcc/avr/4.3.3/../../../../avr/lib/avr5\libc.a(fp_inf.o)
 .text          0x00000a94        0x0 c:/winavr-20100110/bin/../lib/gcc/avr/4.3.3/../../../../avr/lib/avr5\libc.a(fp_nan.o)
 .text          0x00000a94        0x0 c:/winavr-20100110/bin/../lib/gcc/avr/4.3.3/../../../../avr/lib/avr5\libc.a(fp_pscA.o)
 .text          0x00000a94        0x0 c:/winavr-20100110/bin/../lib/gcc/avr/4.3.3/../../../../avr/lib/avr5\libc.a(fp_pscB.o)
 .text          0x00000a94        0x0 c:/winavr-20100110/bin/../lib/gcc/avr/4.3.3/../../../../avr/lib/avr5\libc.a(fp_round.o)
 .text          0x00000a94        0x0 c:/winavr-20100110/bin/../lib/gcc/avr/4.3.3/../../../../avr/lib/avr5\libc.a(fp_split3.o)
 .text          0x00000a94        0x0 c:/winavr-20100110/bin/../lib/gcc/avr/4.3.3/../../../../avr/lib/avr5\libc.a(fp_zero.o)
 .text          0x00000a94        0x0 c:/winavr-20100110/bin/../lib/gcc/avr/4.3.3/avr5\libgcc.a(_mulsi3.o)
 .text          0x00000a94        0x0 c:/winavr-20100110/bin/../lib/gcc/avr/4.3.3/avr5\libgcc.a(_divmodsi4.o)
 .text          0x00000a94        0x0 c:/winavr-20100110/bin/../lib/gcc/avr/4.3.3/avr5\libgcc.a(_udivmodsi4.o)
                0x00000a94                . = ALIGN (0x2)
 *(.text.*)
 .text.I2CInit  0x00000a94       0x1c ./peripherals/src/I2C.o
                0x00000a94                I2CInit
 .text.I2CClose
                0x00000ab0        0xc ./peripherals/src/I2C.o
                0x00000ab0                I2CClose
 .text.I2CStart
                0x00000abc       0x10 ./peripherals/src/I2C.o
                0x00000abc                I2CStart
 .text.I2CStop  0x00000acc       0x10 ./peripherals/src/I2C.o
                0x00000acc                I2CStop
 .text.I2CWriteByte
                0x00000adc       0x38 ./peripherals/src/I2C.o
                0x00000adc                I2CWriteByte
 .text.I2CReadByte
                0x00000b14       0x4c ./peripherals/src/I2C.o
                0x00000b14                I2CReadByte
 .text.get_nameOfTheDay
                0x00000b60       0x56 ./peripherals/src/clock.o
                0x00000b60                get_nameOfTheDay
 .text.get_nameOfTheMonth
                0x00000bb6       0x94 ./peripherals/src/clock.o
                0x00000bb6                get_nameOfTheMonth
 .text.GetTimeString
                0x00000c4a       0xde ./peripherals/src/clock.o
                0x00000c4a                GetTimeString
 .text.GetAmPm  0x00000d28       0x24 ./peripherals/src/clock.o
                0x00000d28                GetAmPm
 .text.GetYear  0x00000d4c       0x20 ./peripherals/src/clock.o
                0x00000d4c                GetYear
 .text.GetMonth
                0x00000d6c       0x4a ./peripherals/src/clock.o
                0x00000d6c                GetMonth
 .text.GetDate  0x00000db6       0x4a ./peripherals/src/clock.o
                0x00000db6                GetDate
 .text.GetHour  0x00000e00       0x4a ./peripherals/src/clock.o
                0x00000e00                GetHour
 .text.GetMinute
                0x00000e4a       0x4a ./peripherals/src/clock.o
                0x00000e4a                GetMinute
 .text.GetSecond
                0x00000e94       0x4a ./peripherals/src/clock.o
                0x00000e94                GetSecond
 .text.SetAmPm  0x00000ede       0x3e ./peripherals/src/clock.o
                0x00000ede                SetAmPm
 .text.SetYear  0x00000f1c       0x2c ./peripherals/src/clock.o
                0x00000f1c                SetYear
 .text.SetMonth
                0x00000f48       0x24 ./peripherals/src/clock.o
                0x00000f48                SetMonth
 .text.SetDate  0x00000f6c       0x24 ./peripherals/src/clock.o
                0x00000f6c                SetDate
 .text.SetHour  0x00000f90       0x24 ./peripherals/src/clock.o
                0x00000f90                SetHour
 .text.SetMinute
                0x00000fb4       0x24 ./peripherals/src/clock.o
                0x00000fb4                SetMinute
 .text.SetSecond
                0x00000fd8       0x24 ./peripherals/src/clock.o
                0x00000fd8                SetSecond
 .text.ClockInit
                0x00000ffc       0xa0 ./peripherals/src/clock.o
                0x00000ffc                ClockInit
 .text.dht_getdata
                0x0000109c      0x1a8 ./peripherals/src/dht.o
                0x0000109c                dht_getdata
 .text.dht_gettemperaturehumidity
                0x00001244        0x6 ./peripherals/src/dht.o
                0x00001244                dht_gettemperaturehumidity
 .text.dht_gethumidity
                0x0000124a       0x34 ./peripherals/src/dht.o
                0x0000124a                dht_gethumidity
 .text.dht_gettemperature
                0x0000127e       0x34 ./peripherals/src/dht.o
                0x0000127e                dht_gettemperature
 .text.DS1307Write
                0x000012b2       0x3a ./peripherals/src/ds1307.o
                0x000012b2                DS1307Write
 .text.DS1307Read
                0x000012ec       0x4e ./peripherals/src/ds1307.o
                0x000012ec                DS1307Read
 .text.init_IO  0x0000133a       0x1c ./peripherals/src/hardware.o
                0x0000133a                init_IO
 .text.timers_init
                0x00001356       0x3c ./peripherals/src/hardware.o
                0x00001356                timers_init
 .text.str2int  0x00001392       0x20 ./peripherals/src/hardware.o
                0x00001392                str2int
 .text.RemoveSpaces
                0x000013b2       0x1a ./peripherals/src/hardware.o
                0x000013b2                RemoveSpaces
 .text.init_ADC
                0x000013cc       0x10 ./peripherals/src/hardware.o
                0x000013cc                init_ADC
 .text.Read_ADC
                0x000013dc       0x1a ./peripherals/src/hardware.o
                0x000013dc                Read_ADC
 .text.freeRam  0x000013f6       0x50 ./peripherals/src/hardware.o
                0x000013f6                freeRam
 .text.ds1307_update
                0x00001446       0x42 ./peripherals/src/hardware.o
                0x00001446                ds1307_update
 .text.wifi_connect
                0x00001488       0x82 ./peripherals/src/hardware.o
                0x00001488                wifi_connect
 .text.process_ext1_data
                0x0000150a       0xdc ./peripherals/src/hardware.o
                0x0000150a                process_ext1_data
 .text.usart_sendValues
                0x000015e6      0x16c ./peripherals/src/hardware.o
                0x000015e6                usart_sendValues
 .text.get_internetTime
                0x00001752      0x2e6 ./peripherals/src/hardware.o
                0x00001752                get_internetTime
 .text.web_update
                0x00001a38      0x2a0 ./peripherals/src/hardware.o
                0x00001a38                web_update
 .text.custom_chars
                0x00001cd8      0x192 ./peripherals/src/hardware.o
                0x00001cd8                custom_chars
 .text.testNixies
                0x00001e6a       0x76 ./peripherals/src/hardware.o
                0x00001e6a                testNixies
 .text.wellcome
                0x00001ee0      0x20e ./peripherals/src/hardware.o
                0x00001ee0                wellcome
 .text.strinsert
                0x000020ee       0xc0 ./peripherals/src/hardware.o
                0x000020ee                strinsert
 .text.lcd_printf
                0x000021ae       0x5c ./peripherals/src/hardware.o
                0x000021ae                lcd_printf
 .text.LCD_verticalScroll
                0x0000220a      0x14e ./peripherals/src/hardware.o
                0x0000220a                LCD_verticalScroll
 .text.display_service_LCD
                0x00002358      0x140 ./peripherals/src/hardware.o
                0x00002358                display_service_LCD
 .text.display_data_LCD
                0x00002498      0x21e ./peripherals/src/hardware.o
                0x00002498                display_data_LCD
 .text.process_uartin
                0x000026b6       0xd2 ./peripherals/src/hardware.o
                0x000026b6                process_uartin
 .text.lcd_write
                0x00002788       0x5a ./peripherals/src/lcd.o
 .text.lcd_read
                0x000027e2       0x4a ./peripherals/src/lcd.o
 .text.lcd_waitbusy
                0x0000282c       0x1a ./peripherals/src/lcd.o
 .text.lcd_command
                0x00002846       0x14 ./peripherals/src/lcd.o
                0x00002846                lcd_command
 .text.lcd_data
                0x0000285a       0x14 ./peripherals/src/lcd.o
                0x0000285a                lcd_data
 .text.lcd_gotoxy
                0x0000286e       0x20 ./peripherals/src/lcd.o
                0x0000286e                lcd_gotoxy
 .text.lcd_getxy
                0x0000288e        0x8 ./peripherals/src/lcd.o
                0x0000288e                lcd_getxy
 .text.lcd_clrscr
                0x00002896        0x8 ./peripherals/src/lcd.o
                0x00002896                lcd_clrscr
 .text.lcd_home
                0x0000289e        0x8 ./peripherals/src/lcd.o
                0x0000289e                lcd_home
 .text.lcd_putc
                0x000028a6       0x40 ./peripherals/src/lcd.o
                0x000028a6                lcd_putc
 .text.lcd_puts
                0x000028e6       0x18 ./peripherals/src/lcd.o
                0x000028e6                lcd_puts
 .text.lcd_uputs
                0x000028fe       0x18 ./peripherals/src/lcd.o
                0x000028fe                lcd_uputs
 .text.lcd_puts_p
                0x00002916       0x1c ./peripherals/src/lcd.o
                0x00002916                lcd_puts_p
 .text.lcd_init
                0x00002932       0x74 ./peripherals/src/lcd.o
                0x00002932                lcd_init
 .text.config_io_nixie
                0x000029a6       0x1a ./peripherals/src/mynixie.o
                0x000029a6                config_io_nixie
 .text.set_nixie_rgb
                0x000029c0       0x12 ./peripherals/src/mynixie.o
                0x000029c0                set_nixie_rgb
 .text.nixie_digit
                0x000029d2      0x11e ./peripherals/src/mynixie.o
                0x000029d2                nixie_digit
 .text.all_nixies_on
                0x00002af0       0x1c ./peripherals/src/mynixie.o
                0x00002af0                all_nixies_on
 .text.all_nixies_off
                0x00002b0c       0x1c ./peripherals/src/mynixie.o
                0x00002b0c                all_nixies_off
 .text.nixie_print
                0x00002b28       0x38 ./peripherals/src/mynixie.o
                0x00002b28                nixie_print
 .text.nixie_suppy
                0x00002b60       0x2e ./peripherals/src/mynixie.o
                0x00002b60                nixie_suppy
 .text.nixie_display_change
                0x00002b8e       0x16 ./peripherals/src/mynixie.o
                0x00002b8e                nixie_display_change
 .text.nixie_dislpay_fadeout
                0x00002ba4       0xe0 ./peripherals/src/mynixie.o
                0x00002ba4                nixie_dislpay_fadeout
 .text.nixie_print_value
                0x00002c84       0x5e ./peripherals/src/mynixie.o
                0x00002c84                nixie_print_value
 .text.nrf24l01_getstatus
                0x00002ce2        0xc ./peripherals/src/nrf24l01.o
                0x00002ce2                nrf24l01_getstatus
 .text.nrf24l01_readready
                0x00002cee       0x24 ./peripherals/src/nrf24l01.o
                0x00002cee                nrf24l01_readready
 .text.nrf24l01_flushTXfifo
                0x00002d12        0xc ./peripherals/src/nrf24l01.o
                0x00002d12                nrf24l01_flushTXfifo
 .text.nrf24l01_flushRXfifo
                0x00002d1e        0xc ./peripherals/src/nrf24l01.o
                0x00002d1e                nrf24l01_flushRXfifo
 .text.nrf24l01_writeregisters
                0x00002d2a       0x40 ./peripherals/src/nrf24l01.o
                0x00002d2a                nrf24l01_writeregisters
 .text.nrf24l01_writeregister
                0x00002d6a       0x1a ./peripherals/src/nrf24l01.o
                0x00002d6a                nrf24l01_writeregister
 .text.nrf24l01_read
                0x00002d84       0x50 ./peripherals/src/nrf24l01.o
                0x00002d84                nrf24l01_read
 .text.nrf24l01_readregisters
                0x00002dd4       0x40 ./peripherals/src/nrf24l01.o
                0x00002dd4                nrf24l01_readregisters
 .text.nrf24l01_readregister
                0x00002e14       0x12 ./peripherals/src/nrf24l01.o
                0x00002e14                nrf24l01_readregister
 .text.nrf24l01_setcrclength
                0x00002e26       0x12 ./peripherals/src/nrf24l01.o
                0x00002e26                nrf24l01_setcrclength
 .text.nrf24l01_setdatarate
                0x00002e38       0x14 ./peripherals/src/nrf24l01.o
                0x00002e38                nrf24l01_setdatarate
 .text.nrf24l01_setpalevel
                0x00002e4c       0x12 ./peripherals/src/nrf24l01.o
                0x00002e4c                nrf24l01_setpalevel
 .text.nrf24l01_setTX
                0x00002e5e       0x38 ./peripherals/src/nrf24l01.o
                0x00002e5e                nrf24l01_setTX
 .text.nrf24l01_revaddress
                0x00002e96       0x20 ./peripherals/src/nrf24l01.o
                0x00002e96                nrf24l01_revaddress
 .text.nrf24l01_settxaddr
                0x00002eb6       0x5a ./peripherals/src/nrf24l01.o
                0x00002eb6                nrf24l01_settxaddr
 .text.nrf24l01_setrxaddr
                0x00002f10       0x52 ./peripherals/src/nrf24l01.o
                0x00002f10                nrf24l01_setrxaddr
 .text.nrf24l01_setRX
                0x00002f62       0x46 ./peripherals/src/nrf24l01.o
                0x00002f62                nrf24l01_setRX
 .text.nrf24l01_write
                0x00002fa8       0x86 ./peripherals/src/nrf24l01.o
                0x00002fa8                nrf24l01_write
 .text.nrf24l01_init
                0x0000302e       0x80 ./peripherals/src/nrf24l01.o
                0x0000302e                nrf24l01_init
 .text.spi_init
                0x000030ae       0x16 ./peripherals/src/spi.o
                0x000030ae                spi_init
 .text.spi_writereadbyte
                0x000030c4        0xa ./peripherals/src/spi.o
                0x000030c4                spi_writereadbyte
 .text.init_USART_ETH
                0x000030ce       0x12 ./peripherals/src/uart.o
                0x000030ce                init_USART_ETH
 .text.init_USART_DEB
                0x000030e0       0x16 ./peripherals/src/uart.o
                0x000030e0                init_USART_DEB
 .text.USART_receive_ETH
                0x000030f6        0x8 ./peripherals/src/uart.o
                0x000030f6                USART_receive_ETH
 .text.USART_receive_DEB
                0x000030fe        0xe ./peripherals/src/uart.o
                0x000030fe                USART_receive_DEB
 .text.USART_Transmit_ETH
                0x0000310c        0x8 ./peripherals/src/uart.o
                0x0000310c                USART_Transmit_ETH
 .text.USART_Transmit_DEB
                0x00003114       0x10 ./peripherals/src/uart.o
                0x00003114                USART_Transmit_DEB
 .text.USART_SendString_DEB_num
                0x00003124       0x38 ./peripherals/src/uart.o
                0x00003124                USART_SendString_DEB_num
 .text.reset_rxbuffer_eth
                0x0000315c       0x20 ./peripherals/src/uart.o
                0x0000315c                reset_rxbuffer_eth
 .text.sendCRLF
                0x0000317c       0x12 ./peripherals/src/uart.o
                0x0000317c                sendCRLF
 .text.sendAT   0x0000318e       0x16 ./peripherals/src/uart.o
                0x0000318e                sendAT
 .text.USART_SendString_DEB
                0x000031a4       0x44 ./peripherals/src/uart.o
                0x000031a4                USART_SendString_DEB
 .text.USART_SendString_ETH
                0x000031e8       0x2e ./peripherals/src/uart.o
                0x000031e8                USART_SendString_ETH
 .text.sendATCOM
                0x00003216        0xa ./peripherals/src/uart.o
                0x00003216                sendATCOM
 .text.usart_printf
                0x00003220       0x6a ./peripherals/src/uart.o
                0x00003220                usart_printf
 .text.waitForATAnswer
                0x0000328a       0xde ./peripherals/src/uart.o
                0x0000328a                waitForATAnswer
 .text.reset_rxbuffer_deb
                0x00003368       0x18 ./peripherals/src/uart.o
                0x00003368                reset_rxbuffer_deb
 .text.__vector_32
                0x00003380       0x1e ./main.o
                0x00003380                __vector_32
 .text.__vector_6
                0x0000339e       0x30 ./main.o
                0x0000339e                __vector_6
 .text.__vector_7
                0x000033ce       0x30 ./main.o
                0x000033ce                __vector_7
 .text.__vector_default
                0x000033fe       0x60 ./main.o
                0x000033fe                __vector_default
 .text.__vector_2
                0x0000345e       0x66 ./main.o
                0x0000345e                __vector_2
 .text.__vector_10
                0x000034c4       0x90 ./main.o
                0x000034c4                __vector_10
 .text.__vector_18
                0x00003554       0x82 ./main.o
                0x00003554                __vector_18
 .text.__vector_30
                0x000035d6       0x7a ./main.o
                0x000035d6                __vector_30
 .text.__vector_8
                0x00003650       0x66 ./main.o
                0x00003650                __vector_8
 .text.main     0x000036b6      0xd82 ./main.o
                0x000036b6                main
 .text.libgcc   0x00004438       0x18 c:/winavr-20100110/bin/../lib/gcc/avr/4.3.3/avr5\libgcc.a(_udivmodqi4.o)
                0x00004438                __udivmodqi4
 .text.libgcc   0x00004450       0x26 c:/winavr-20100110/bin/../lib/gcc/avr/4.3.3/avr5\libgcc.a(_divmodhi4.o)
                0x00004450                __divmodhi4
                0x00004450                _div
 .text.libgcc   0x00004476        0x0 c:/winavr-20100110/bin/../lib/gcc/avr/4.3.3/avr5\libgcc.a(_exit.o)
 .text.libgcc   0x00004476        0x0 c:/winavr-20100110/bin/../lib/gcc/avr/4.3.3/avr5\libgcc.a(_copy_data.o)
 .text.libgcc   0x00004476        0x0 c:/winavr-20100110/bin/../lib/gcc/avr/4.3.3/avr5\libgcc.a(_clear_bss.o)
 .text.libgcc   0x00004476       0x28 c:/winavr-20100110/bin/../lib/gcc/avr/4.3.3/avr5\libgcc.a(_udivmodhi4.o)
                0x00004476                __udivmodhi4
 .text.libgcc   0x0000449e       0x38 c:/winavr-20100110/bin/../lib/gcc/avr/4.3.3/avr5\libgcc.a(_prologue.o)
                0x0000449e                __prologue_saves__
 .text.libgcc   0x000044d6       0x36 c:/winavr-20100110/bin/../lib/gcc/avr/4.3.3/avr5\libgcc.a(_epilogue.o)
                0x000044d6                __epilogue_restores__
 .text.avr-libc
                0x0000450c       0x42 c:/winavr-20100110/bin/../lib/gcc/avr/4.3.3/../../../../avr/lib/avr5\libc.a(dtostrf.o)
                0x0000450c                dtostrf
 .text.avr-libc
                0x0000454e      0x20a c:/winavr-20100110/bin/../lib/gcc/avr/4.3.3/../../../../avr/lib/avr5\libc.a(malloc.o)
                0x0000454e                malloc
                0x000046a8                free
 .text.avr-libc
                0x00004758       0xc2 c:/winavr-20100110/bin/../lib/gcc/avr/4.3.3/../../../../avr/lib/avr5\libc.a(rand.o)
                0x000047f4                rand_r
                0x000047fa                rand
                0x00004804                srand
 .text.avr-libc
                0x0000481a        0x8 c:/winavr-20100110/bin/../lib/gcc/avr/4.3.3/../../../../avr/lib/avr5\libc.a(atof.o)
                0x0000481a                atof
 .text.avr-libc
                0x00004822       0x3c c:/winavr-20100110/bin/../lib/gcc/avr/4.3.3/../../../../avr/lib/avr5\libc.a(atoi.o)
                0x00004822                atoi
 .text.avr-libc
                0x0000485e       0x12 c:/winavr-20100110/bin/../lib/gcc/avr/4.3.3/../../../../avr/lib/avr5\libc.a(memcpy.o)
                0x0000485e                memcpy
 .text.avr-libc
                0x00004870       0x16 c:/winavr-20100110/bin/../lib/gcc/avr/4.3.3/../../../../avr/lib/avr5\libc.a(strcat.o)
                0x00004870                strcat
 .text.avr-libc
                0x00004886        0xe c:/winavr-20100110/bin/../lib/gcc/avr/4.3.3/../../../../avr/lib/avr5\libc.a(strcpy.o)
                0x00004886                strcpy
 .text.avr-libc
                0x00004894       0x1e c:/winavr-20100110/bin/../lib/gcc/avr/4.3.3/../../../../avr/lib/avr5\libc.a(strncpy.o)
                0x00004894                strncpy
 .text.avr-libc
                0x000048b2       0x34 c:/winavr-20100110/bin/../lib/gcc/avr/4.3.3/../../../../avr/lib/avr5\libc.a(strstr.o)
                0x000048b2                strstr
 .text.avr-libc
                0x000048e6       0x42 c:/winavr-20100110/bin/../lib/gcc/avr/4.3.3/../../../../avr/lib/avr5\libc.a(itoa.o)
                0x000048e6                itoa
 .text.avr-libc
                0x00004928       0x10 c:/winavr-20100110/bin/../lib/gcc/avr/4.3.3/../../../../avr/lib/avr5\libc.a(mul10.o)
                0x00004928                __mulhi_const_10
 .text.avr-libc
                0x00004938       0x38 c:/winavr-20100110/bin/../lib/gcc/avr/4.3.3/../../../../avr/lib/avr5\libc.a(vsprintf.o)
                0x00004938                vsprintf
 .text.avr-libc
                0x00004970      0x3ba c:/winavr-20100110/bin/../lib/gcc/avr/4.3.3/../../../../avr/lib/avr5\libc.a(vfprintf_std.o)
                0x00004970                vfprintf
 .text.avr-libc
                0x00004d2a      0x2c4 c:/winavr-20100110/bin/../lib/gcc/avr/4.3.3/../../../../avr/lib/avr5\libc.a(dtoa_prf.o)
                0x00004d2a                dtoa_prf
 .text.avr-libc
                0x00004fee      0x2c0 c:/winavr-20100110/bin/../lib/gcc/avr/4.3.3/../../../../avr/lib/avr5\libc.a(strtod.o)
                0x00004fee                strtod
 .text.avr-libc
                0x000052ae      0x1b0 c:/winavr-20100110/bin/../lib/gcc/avr/4.3.3/../../../../avr/lib/avr5\libc.a(ftoa_engine.o)
                0x000052ae                __ftoa_engine
 .text.avr-libc
                0x0000545e       0x10 c:/winavr-20100110/bin/../lib/gcc/avr/4.3.3/../../../../avr/lib/avr5\libc.a(isspace.o)
                0x0000545e                isspace
 .text.avr-libc
                0x0000546e       0x30 c:/winavr-20100110/bin/../lib/gcc/avr/4.3.3/../../../../avr/lib/avr5\libc.a(strncasecmp_P.o)
                0x0000546e                strncasecmp_P
 .text.avr-libc
                0x0000549e       0x16 c:/winavr-20100110/bin/../lib/gcc/avr/4.3.3/../../../../avr/lib/avr5\libc.a(strnlen_P.o)
                0x0000549e                strnlen_P
 .text.avr-libc
                0x000054b4       0x16 c:/winavr-20100110/bin/../lib/gcc/avr/4.3.3/../../../../avr/lib/avr5\libc.a(strnlen.o)
                0x000054b4                strnlen
 .text.avr-libc
                0x000054ca       0x20 c:/winavr-20100110/bin/../lib/gcc/avr/4.3.3/../../../../avr/lib/avr5\libc.a(strrev.o)
                0x000054ca                strrev
 .text.avr-libc
                0x000054ea       0x58 c:/winavr-20100110/bin/../lib/gcc/avr/4.3.3/../../../../avr/lib/avr5\libc.a(fputc.o)
                0x000054ea                fputc
 .text.avr-libc
                0x00005542       0xbc c:/winavr-20100110/bin/../lib/gcc/avr/4.3.3/../../../../avr/lib/avr5\libc.a(ultoa_invert.o)
                0x00005542                __ultoa_invert
 .text.avr-libc.fplib
                0x000055fe        0x8 c:/winavr-20100110/bin/../lib/gcc/avr/4.3.3/../../../../avr/lib/avr5\libc.a(cmpsf2.o)
                0x000055fe                __lesf2
                0x000055fe                __nesf2
                0x000055fe                __eqsf2
                0x000055fe                __cmpsf2
                0x000055fe                __ltsf2
 .text.avr-libc.fplib
                0x00005606       0x48 c:/winavr-20100110/bin/../lib/gcc/avr/4.3.3/../../../../avr/lib/avr5\libc.a(fp_cmp.o)
                0x00005606                __fp_cmp
 .text.avr-libc.fplib
                0x0000564e        0x4 c:/winavr-20100110/bin/../lib/gcc/avr/4.3.3/../../../../avr/lib/avr5\libc.a(mulsf3.o)
                0x0000564e                __mulsf3
 .text.avr-libc.fplib
                0x00005652       0xc2 c:/winavr-20100110/bin/../lib/gcc/avr/4.3.3/../../../../avr/lib/avr5\libc.a(mulsf3x.o)
                0x0000566a                __mulsf3_pse
                0x00005666                __mulsf3x
 .text.avr-libc
                0x00005714        0x6 c:/winavr-20100110/bin/../lib/gcc/avr/4.3.3/../../../../avr/lib/avr5\libc.a(cty_isfalse.o)
                0x00005718                __ctype_istrue
                0x00005714                __ctype_isfalse
 .text.avr-libc.fplib
                0x0000571a        0xc c:/winavr-20100110/bin/../lib/gcc/avr/4.3.3/../../../../avr/lib/avr5\libc.a(fp_inf.o)
                0x0000571a                __fp_inf
 .text.avr-libc.fplib
                0x00005726        0x6 c:/winavr-20100110/bin/../lib/gcc/avr/4.3.3/../../../../avr/lib/avr5\libc.a(fp_nan.o)
                0x00005726                __fp_nan
 .text.avr-libc.fplib
                0x0000572c        0xe c:/winavr-20100110/bin/../lib/gcc/avr/4.3.3/../../../../avr/lib/avr5\libc.a(fp_pscA.o)
                0x0000572c                __fp_pscA
 .text.avr-libc.fplib
                0x0000573a        0xe c:/winavr-20100110/bin/../lib/gcc/avr/4.3.3/../../../../avr/lib/avr5\libc.a(fp_pscB.o)
                0x0000573a                __fp_pscB
 .text.avr-libc.fplib
                0x00005748       0x22 c:/winavr-20100110/bin/../lib/gcc/avr/4.3.3/../../../../avr/lib/avr5\libc.a(fp_round.o)
                0x00005748                __fp_round
 .text.avr-libc.fplib
                0x0000576a       0x44 c:/winavr-20100110/bin/../lib/gcc/avr/4.3.3/../../../../avr/lib/avr5\libc.a(fp_split3.o)
                0x0000576a                __fp_split3
                0x0000577a                __fp_splitA
 .text.avr-libc.fplib
                0x000057ae        0xe c:/winavr-20100110/bin/../lib/gcc/avr/4.3.3/../../../../avr/lib/avr5\libc.a(fp_zero.o)
                0x000057ae                __fp_zero
                0x000057b0                __fp_szero
 .text.libgcc   0x000057bc       0x3e c:/winavr-20100110/bin/../lib/gcc/avr/4.3.3/avr5\libgcc.a(_mulsi3.o)
                0x000057bc                __mulsi3
 .text.libgcc   0x000057fa       0x36 c:/winavr-20100110/bin/../lib/gcc/avr/4.3.3/avr5\libgcc.a(_divmodsi4.o)
                0x000057fa                __divmodsi4
 .text.libgcc   0x00005830       0x44 c:/winavr-20100110/bin/../lib/gcc/avr/4.3.3/avr5\libgcc.a(_udivmodsi4.o)
                0x00005830                __udivmodsi4
                0x00005874                . = ALIGN (0x2)
 *(.fini9)
 .fini9         0x00005874        0x0 c:/winavr-20100110/bin/../lib/gcc/avr/4.3.3/avr5\libgcc.a(_exit.o)
                0x00005874                exit
                0x00005874                _exit
 *(.fini9)
 *(.fini8)
 *(.fini8)
 *(.fini7)
 *(.fini7)
 *(.fini6)
 *(.fini6)
 *(.fini5)
 *(.fini5)
 *(.fini4)
 *(.fini4)
 *(.fini3)
 *(.fini3)
 *(.fini2)
 *(.fini2)
 *(.fini1)
 *(.fini1)
 *(.fini0)
 .fini0         0x00005874        0x4 c:/winavr-20100110/bin/../lib/gcc/avr/4.3.3/avr5\libgcc.a(_exit.o)
 *(.fini0)
                0x00005878                _etext = .

.data           0x00800100      0x5fa load address 0x00005878
                0x00800100                PROVIDE (__data_start, .)
 *(.data)
 .data          0x00800100        0x0 c:/winavr-20100110/bin/../lib/gcc/avr/4.3.3/../../../../avr/lib/avr5/crtm64.o
 .data          0x00800100        0x0 ./peripherals/src/I2C.o
 .data          0x00800100       0x68 ./peripherals/src/clock.o
 .data          0x00800168        0x0 ./peripherals/src/dht.o
 .data          0x00800168        0x0 ./peripherals/src/ds1307.o
 .data          0x00800168      0x245 ./peripherals/src/hardware.o
 .data          0x008003ad        0x0 ./peripherals/src/lcd.o
 .data          0x008003ad        0x0 ./peripherals/src/mynixie.o
 .data          0x008003ad        0x0 ./peripherals/src/nrf24l01.o
 .data          0x008003ad        0x0 ./peripherals/src/spi.o
 .data          0x008003ad        0x8 ./peripherals/src/uart.o
 .data          0x008003b5      0x225 ./main.o
 .data          0x008005da        0x0 c:/winavr-20100110/bin/../lib/gcc/avr/4.3.3/avr5\libgcc.a(_udivmodqi4.o)
 .data          0x008005da        0x0 c:/winavr-20100110/bin/../lib/gcc/avr/4.3.3/avr5\libgcc.a(_divmodhi4.o)
 .data          0x008005da        0x0 c:/winavr-20100110/bin/../lib/gcc/avr/4.3.3/avr5\libgcc.a(_exit.o)
 .data          0x008005da        0x0 c:/winavr-20100110/bin/../lib/gcc/avr/4.3.3/avr5\libgcc.a(_copy_data.o)
 .data          0x008005da        0x0 c:/winavr-20100110/bin/../lib/gcc/avr/4.3.3/avr5\libgcc.a(_clear_bss.o)
 .data          0x008005da        0x0 c:/winavr-20100110/bin/../lib/gcc/avr/4.3.3/avr5\libgcc.a(_div_sf.o)
 .data          0x008005da        0x0 c:/winavr-20100110/bin/../lib/gcc/avr/4.3.3/avr5\libgcc.a(_gt_sf.o)
 .data          0x008005da        0x8 c:/winavr-20100110/bin/../lib/gcc/avr/4.3.3/avr5\libgcc.a(_thenan_sf.o)
                0x008005da                __thenan_sf
 .data          0x008005e2        0x0 c:/winavr-20100110/bin/../lib/gcc/avr/4.3.3/avr5\libgcc.a(_usi_to_sf.o)
 .data          0x008005e2        0x0 c:/winavr-20100110/bin/../lib/gcc/avr/4.3.3/avr5\libgcc.a(_udivmodhi4.o)
 .data          0x008005e2        0x0 c:/winavr-20100110/bin/../lib/gcc/avr/4.3.3/avr5\libgcc.a(_prologue.o)
 .data          0x008005e2        0x0 c:/winavr-20100110/bin/../lib/gcc/avr/4.3.3/avr5\libgcc.a(_epilogue.o)
 .data          0x008005e2        0x0 c:/winavr-20100110/bin/../lib/gcc/avr/4.3.3/avr5\libgcc.a(_clzsi2.o)
 .data          0x008005e2        0x0 c:/winavr-20100110/bin/../lib/gcc/avr/4.3.3/avr5\libgcc.a(_pack_sf.o)
 .data          0x008005e2        0x0 c:/winavr-20100110/bin/../lib/gcc/avr/4.3.3/avr5\libgcc.a(_unpack_sf.o)
 .data          0x008005e2        0x0 c:/winavr-20100110/bin/../lib/gcc/avr/4.3.3/avr5\libgcc.a(_fpcmp_parts_sf.o)
 .data          0x008005e2      0x100 c:/winavr-20100110/bin/../lib/gcc/avr/4.3.3/avr5\libgcc.a(_clz.o)
                0x008005e2                __clz_tab
 .data          0x008006e2        0x0 c:/winavr-20100110/bin/../lib/gcc/avr/4.3.3/../../../../avr/lib/avr5\libc.a(dtostrf.o)
 .data          0x008006e2        0x6 c:/winavr-20100110/bin/../lib/gcc/avr/4.3.3/../../../../avr/lib/avr5\libc.a(malloc.o)
                0x008006e4                __malloc_heap_start
                0x008006e6                __malloc_heap_end
                0x008006e2                __malloc_margin
 .data          0x008006e8        0x4 c:/winavr-20100110/bin/../lib/gcc/avr/4.3.3/../../../../avr/lib/avr5\libc.a(rand.o)
 .data          0x008006ec        0x0 c:/winavr-20100110/bin/../lib/gcc/avr/4.3.3/../../../../avr/lib/avr5\libc.a(atof.o)
 .data          0x008006ec        0x0 c:/winavr-20100110/bin/../lib/gcc/avr/4.3.3/../../../../avr/lib/avr5\libc.a(atoi.o)
 .data          0x008006ec        0x0 c:/winavr-20100110/bin/../lib/gcc/avr/4.3.3/../../../../avr/lib/avr5\libc.a(memcpy.o)
 .data          0x008006ec        0x0 c:/winavr-20100110/bin/../lib/gcc/avr/4.3.3/../../../../avr/lib/avr5\libc.a(strcat.o)
 .data          0x008006ec        0x0 c:/winavr-20100110/bin/../lib/gcc/avr/4.3.3/../../../../avr/lib/avr5\libc.a(strcpy.o)
 .data          0x008006ec        0x0 c:/winavr-20100110/bin/../lib/gcc/avr/4.3.3/../../../../avr/lib/avr5\libc.a(strncpy.o)
 .data          0x008006ec        0x0 c:/winavr-20100110/bin/../lib/gcc/avr/4.3.3/../../../../avr/lib/avr5\libc.a(strstr.o)
 .data          0x008006ec        0x0 c:/winavr-20100110/bin/../lib/gcc/avr/4.3.3/../../../../avr/lib/avr5\libc.a(itoa.o)
 .data          0x008006ec        0x0 c:/winavr-20100110/bin/../lib/gcc/avr/4.3.3/../../../../avr/lib/avr5\libc.a(mul10.o)
 .data          0x008006ec        0x0 c:/winavr-20100110/bin/../lib/gcc/avr/4.3.3/../../../../avr/lib/avr5\libc.a(vsprintf.o)
 .data          0x008006ec        0x0 c:/winavr-20100110/bin/../lib/gcc/avr/4.3.3/../../../../avr/lib/avr5\libc.a(vfprintf_std.o)
 .data          0x008006ec        0x0 c:/winavr-20100110/bin/../lib/gcc/avr/4.3.3/../../../../avr/lib/avr5\libc.a(dtoa_prf.o)
 .data          0x008006ec        0x0 c:/winavr-20100110/bin/../lib/gcc/avr/4.3.3/../../../../avr/lib/avr5\libc.a(strtod.o)
 .data          0x008006ec        0x0 c:/winavr-20100110/bin/../lib/gcc/avr/4.3.3/../../../../avr/lib/avr5\libc.a(ftoa_engine.o)
 .data          0x008006ec        0x0 c:/winavr-20100110/bin/../lib/gcc/avr/4.3.3/../../../../avr/lib/avr5\libc.a(isspace.o)
 .data          0x008006ec        0x0 c:/winavr-20100110/bin/../lib/gcc/avr/4.3.3/../../../../avr/lib/avr5\libc.a(strncasecmp_P.o)
 .data          0x008006ec        0x0 c:/winavr-20100110/bin/../lib/gcc/avr/4.3.3/../../../../avr/lib/avr5\libc.a(strnlen_P.o)
 .data          0x008006ec        0x0 c:/winavr-20100110/bin/../lib/gcc/avr/4.3.3/../../../../avr/lib/avr5\libc.a(strnlen.o)
 .data          0x008006ec        0x0 c:/winavr-20100110/bin/../lib/gcc/avr/4.3.3/../../../../avr/lib/avr5\libc.a(strrev.o)
 .data          0x008006ec        0x0 c:/winavr-20100110/bin/../lib/gcc/avr/4.3.3/../../../../avr/lib/avr5\libc.a(fputc.o)
 .data          0x008006ec        0x0 c:/winavr-20100110/bin/../lib/gcc/avr/4.3.3/../../../../avr/lib/avr5\libc.a(ultoa_invert.o)
 .data          0x008006ec        0x0 c:/winavr-20100110/bin/../lib/gcc/avr/4.3.3/../../../../avr/lib/avr5\libc.a(cmpsf2.o)
 .data          0x008006ec        0x0 c:/winavr-20100110/bin/../lib/gcc/avr/4.3.3/../../../../avr/lib/avr5\libc.a(fp_cmp.o)
 .data          0x008006ec        0x0 c:/winavr-20100110/bin/../lib/gcc/avr/4.3.3/../../../../avr/lib/avr5\libc.a(mulsf3.o)
 .data          0x008006ec        0x0 c:/winavr-20100110/bin/../lib/gcc/avr/4.3.3/../../../../avr/lib/avr5\libc.a(mulsf3x.o)
 .data          0x008006ec        0x0 c:/winavr-20100110/bin/../lib/gcc/avr/4.3.3/../../../../avr/lib/avr5\libc.a(errno.o)
 .data          0x008006ec        0x0 c:/winavr-20100110/bin/../lib/gcc/avr/4.3.3/../../../../avr/lib/avr5\libc.a(cty_isfalse.o)
 .data          0x008006ec        0x0 c:/winavr-20100110/bin/../lib/gcc/avr/4.3.3/../../../../avr/lib/avr5\libc.a(fp_inf.o)
 .data          0x008006ec        0x0 c:/winavr-20100110/bin/../lib/gcc/avr/4.3.3/../../../../avr/lib/avr5\libc.a(fp_nan.o)
 .data          0x008006ec        0x0 c:/winavr-20100110/bin/../lib/gcc/avr/4.3.3/../../../../avr/lib/avr5\libc.a(fp_pscA.o)
 .data          0x008006ec        0x0 c:/winavr-20100110/bin/../lib/gcc/avr/4.3.3/../../../../avr/lib/avr5\libc.a(fp_pscB.o)
 .data          0x008006ec        0x0 c:/winavr-20100110/bin/../lib/gcc/avr/4.3.3/../../../../avr/lib/avr5\libc.a(fp_round.o)
 .data          0x008006ec        0x0 c:/winavr-20100110/bin/../lib/gcc/avr/4.3.3/../../../../avr/lib/avr5\libc.a(fp_split3.o)
 .data          0x008006ec        0x0 c:/winavr-20100110/bin/../lib/gcc/avr/4.3.3/../../../../avr/lib/avr5\libc.a(fp_zero.o)
 .data          0x008006ec        0x0 c:/winavr-20100110/bin/../lib/gcc/avr/4.3.3/avr5\libgcc.a(_mulsi3.o)
 .data          0x008006ec        0x0 c:/winavr-20100110/bin/../lib/gcc/avr/4.3.3/avr5\libgcc.a(_divmodsi4.o)
 .data          0x008006ec        0x0 c:/winavr-20100110/bin/../lib/gcc/avr/4.3.3/avr5\libgcc.a(_udivmodsi4.o)
 *(.data*)
 .data.PREV_PINC
                0x008006ec        0x1 ./peripherals/src/clock.o
                0x008006ec                PREV_PINC
 .data.nrf24l01_addr0
                0x008006ed        0x5 ./peripherals/src/nrf24l01.o
 .data.nrf24l01_addrtx
                0x008006f2        0x5 ./peripherals/src/nrf24l01.o
 .data.nixie_enable_mask
                0x008006f7        0x1 ./main.o
                0x008006f7                nixie_enable_mask
 .data.nixie_display_next
                0x008006f8        0x2 ./main.o
                0x008006f8                nixie_display_next
 *(.rodata)
 *(.rodata*)
 *(.gnu.linkonce.d*)
                0x008006fa                . = ALIGN (0x2)
                0x008006fa                _edata = .
                0x008006fa                PROVIDE (__data_end, .)

.bss            0x008006fa      0x2c2
                0x008006fa                PROVIDE (__bss_start, .)
 *(.bss)
 .bss           0x008006fa        0x0 c:/winavr-20100110/bin/../lib/gcc/avr/4.3.3/../../../../avr/lib/avr5/crtm64.o
 .bss           0x008006fa        0x0 ./peripherals/src/I2C.o
 .bss           0x008006fa        0x0 ./peripherals/src/clock.o
 .bss           0x008006fa        0x0 ./peripherals/src/dht.o
 .bss           0x008006fa        0x0 ./peripherals/src/ds1307.o
 .bss           0x008006fa        0x0 ./peripherals/src/hardware.o
 .bss           0x008006fa        0x0 ./peripherals/src/lcd.o
 .bss           0x008006fa        0x0 ./peripherals/src/mynixie.o
 .bss           0x008006fa        0x0 ./peripherals/src/nrf24l01.o
 .bss           0x008006fa        0x0 ./peripherals/src/spi.o
 .bss           0x008006fa        0x0 ./peripherals/src/uart.o
 .bss           0x008006fa        0x0 ./main.o
 .bss           0x008006fa        0x0 c:/winavr-20100110/bin/../lib/gcc/avr/4.3.3/avr5\libgcc.a(_udivmodqi4.o)
 .bss           0x008006fa        0x0 c:/winavr-20100110/bin/../lib/gcc/avr/4.3.3/avr5\libgcc.a(_divmodhi4.o)
 .bss           0x008006fa        0x0 c:/winavr-20100110/bin/../lib/gcc/avr/4.3.3/avr5\libgcc.a(_exit.o)
 .bss           0x008006fa        0x0 c:/winavr-20100110/bin/../lib/gcc/avr/4.3.3/avr5\libgcc.a(_copy_data.o)
 .bss           0x008006fa        0x0 c:/winavr-20100110/bin/../lib/gcc/avr/4.3.3/avr5\libgcc.a(_clear_bss.o)
 .bss           0x008006fa        0x0 c:/winavr-20100110/bin/../lib/gcc/avr/4.3.3/avr5\libgcc.a(_div_sf.o)
 .bss           0x008006fa        0x0 c:/winavr-20100110/bin/../lib/gcc/avr/4.3.3/avr5\libgcc.a(_gt_sf.o)
 .bss           0x008006fa        0x0 c:/winavr-20100110/bin/../lib/gcc/avr/4.3.3/avr5\libgcc.a(_thenan_sf.o)
 .bss           0x008006fa        0x0 c:/winavr-20100110/bin/../lib/gcc/avr/4.3.3/avr5\libgcc.a(_usi_to_sf.o)
 .bss           0x008006fa        0x0 c:/winavr-20100110/bin/../lib/gcc/avr/4.3.3/avr5\libgcc.a(_udivmodhi4.o)
 .bss           0x008006fa        0x0 c:/winavr-20100110/bin/../lib/gcc/avr/4.3.3/avr5\libgcc.a(_prologue.o)
 .bss           0x008006fa        0x0 c:/winavr-20100110/bin/../lib/gcc/avr/4.3.3/avr5\libgcc.a(_epilogue.o)
 .bss           0x008006fa        0x0 c:/winavr-20100110/bin/../lib/gcc/avr/4.3.3/avr5\libgcc.a(_clzsi2.o)
 .bss           0x008006fa        0x0 c:/winavr-20100110/bin/../lib/gcc/avr/4.3.3/avr5\libgcc.a(_pack_sf.o)
 .bss           0x008006fa        0x0 c:/winavr-20100110/bin/../lib/gcc/avr/4.3.3/avr5\libgcc.a(_unpack_sf.o)
 .bss           0x008006fa        0x0 c:/winavr-20100110/bin/../lib/gcc/avr/4.3.3/avr5\libgcc.a(_fpcmp_parts_sf.o)
 .bss           0x008006fa        0x0 c:/winavr-20100110/bin/../lib/gcc/avr/4.3.3/avr5\libgcc.a(_clz.o)
 .bss           0x008006fa        0x0 c:/winavr-20100110/bin/../lib/gcc/avr/4.3.3/../../../../avr/lib/avr5\libc.a(dtostrf.o)
 .bss           0x008006fa        0x0 c:/winavr-20100110/bin/../lib/gcc/avr/4.3.3/../../../../avr/lib/avr5\libc.a(malloc.o)
 .bss           0x008006fa        0x0 c:/winavr-20100110/bin/../lib/gcc/avr/4.3.3/../../../../avr/lib/avr5\libc.a(rand.o)
 .bss           0x008006fa        0x0 c:/winavr-20100110/bin/../lib/gcc/avr/4.3.3/../../../../avr/lib/avr5\libc.a(atof.o)
 .bss           0x008006fa        0x0 c:/winavr-20100110/bin/../lib/gcc/avr/4.3.3/../../../../avr/lib/avr5\libc.a(atoi.o)
 .bss           0x008006fa        0x0 c:/winavr-20100110/bin/../lib/gcc/avr/4.3.3/../../../../avr/lib/avr5\libc.a(memcpy.o)
 .bss           0x008006fa        0x0 c:/winavr-20100110/bin/../lib/gcc/avr/4.3.3/../../../../avr/lib/avr5\libc.a(strcat.o)
 .bss           0x008006fa        0x0 c:/winavr-20100110/bin/../lib/gcc/avr/4.3.3/../../../../avr/lib/avr5\libc.a(strcpy.o)
 .bss           0x008006fa        0x0 c:/winavr-20100110/bin/../lib/gcc/avr/4.3.3/../../../../avr/lib/avr5\libc.a(strncpy.o)
 .bss           0x008006fa        0x0 c:/winavr-20100110/bin/../lib/gcc/avr/4.3.3/../../../../avr/lib/avr5\libc.a(strstr.o)
 .bss           0x008006fa        0x0 c:/winavr-20100110/bin/../lib/gcc/avr/4.3.3/../../../../avr/lib/avr5\libc.a(itoa.o)
 .bss           0x008006fa        0x0 c:/winavr-20100110/bin/../lib/gcc/avr/4.3.3/../../../../avr/lib/avr5\libc.a(mul10.o)
 .bss           0x008006fa        0x0 c:/winavr-20100110/bin/../lib/gcc/avr/4.3.3/../../../../avr/lib/avr5\libc.a(vsprintf.o)
 .bss           0x008006fa        0x0 c:/winavr-20100110/bin/../lib/gcc/avr/4.3.3/../../../../avr/lib/avr5\libc.a(vfprintf_std.o)
 .bss           0x008006fa        0x0 c:/winavr-20100110/bin/../lib/gcc/avr/4.3.3/../../../../avr/lib/avr5\libc.a(dtoa_prf.o)
 .bss           0x008006fa        0x0 c:/winavr-20100110/bin/../lib/gcc/avr/4.3.3/../../../../avr/lib/avr5\libc.a(strtod.o)
 .bss           0x008006fa        0x0 c:/winavr-20100110/bin/../lib/gcc/avr/4.3.3/../../../../avr/lib/avr5\libc.a(ftoa_engine.o)
 .bss           0x008006fa        0x0 c:/winavr-20100110/bin/../lib/gcc/avr/4.3.3/../../../../avr/lib/avr5\libc.a(isspace.o)
 .bss           0x008006fa        0x0 c:/winavr-20100110/bin/../lib/gcc/avr/4.3.3/../../../../avr/lib/avr5\libc.a(strncasecmp_P.o)
 .bss           0x008006fa        0x0 c:/winavr-20100110/bin/../lib/gcc/avr/4.3.3/../../../../avr/lib/avr5\libc.a(strnlen_P.o)
 .bss           0x008006fa        0x0 c:/winavr-20100110/bin/../lib/gcc/avr/4.3.3/../../../../avr/lib/avr5\libc.a(strnlen.o)
 .bss           0x008006fa        0x0 c:/winavr-20100110/bin/../lib/gcc/avr/4.3.3/../../../../avr/lib/avr5\libc.a(strrev.o)
 .bss           0x008006fa        0x0 c:/winavr-20100110/bin/../lib/gcc/avr/4.3.3/../../../../avr/lib/avr5\libc.a(fputc.o)
 .bss           0x008006fa        0x0 c:/winavr-20100110/bin/../lib/gcc/avr/4.3.3/../../../../avr/lib/avr5\libc.a(ultoa_invert.o)
 .bss           0x008006fa        0x0 c:/winavr-20100110/bin/../lib/gcc/avr/4.3.3/../../../../avr/lib/avr5\libc.a(cmpsf2.o)
 .bss           0x008006fa        0x0 c:/winavr-20100110/bin/../lib/gcc/avr/4.3.3/../../../../avr/lib/avr5\libc.a(fp_cmp.o)
 .bss           0x008006fa        0x0 c:/winavr-20100110/bin/../lib/gcc/avr/4.3.3/../../../../avr/lib/avr5\libc.a(mulsf3.o)
 .bss           0x008006fa        0x0 c:/winavr-20100110/bin/../lib/gcc/avr/4.3.3/../../../../avr/lib/avr5\libc.a(mulsf3x.o)
 .bss           0x008006fa        0x0 c:/winavr-20100110/bin/../lib/gcc/avr/4.3.3/../../../../avr/lib/avr5\libc.a(errno.o)
 .bss           0x008006fa        0x0 c:/winavr-20100110/bin/../lib/gcc/avr/4.3.3/../../../../avr/lib/avr5\libc.a(cty_isfalse.o)
 .bss           0x008006fa        0x0 c:/winavr-20100110/bin/../lib/gcc/avr/4.3.3/../../../../avr/lib/avr5\libc.a(fp_inf.o)
 .bss           0x008006fa        0x0 c:/winavr-20100110/bin/../lib/gcc/avr/4.3.3/../../../../avr/lib/avr5\libc.a(fp_nan.o)
 .bss           0x008006fa        0x0 c:/winavr-20100110/bin/../lib/gcc/avr/4.3.3/../../../../avr/lib/avr5\libc.a(fp_pscA.o)
 .bss           0x008006fa        0x0 c:/winavr-20100110/bin/../lib/gcc/avr/4.3.3/../../../../avr/lib/avr5\libc.a(fp_pscB.o)
 .bss           0x008006fa        0x0 c:/winavr-20100110/bin/../lib/gcc/avr/4.3.3/../../../../avr/lib/avr5\libc.a(fp_round.o)
 .bss           0x008006fa        0x0 c:/winavr-20100110/bin/../lib/gcc/avr/4.3.3/../../../../avr/lib/avr5\libc.a(fp_split3.o)
 .bss           0x008006fa        0x0 c:/winavr-20100110/bin/../lib/gcc/avr/4.3.3/../../../../avr/lib/avr5\libc.a(fp_zero.o)
 .bss           0x008006fa        0x0 c:/winavr-20100110/bin/../lib/gcc/avr/4.3.3/avr5\libgcc.a(_mulsi3.o)
 .bss           0x008006fa        0x0 c:/winavr-20100110/bin/../lib/gcc/avr/4.3.3/avr5\libgcc.a(_divmodsi4.o)
 .bss           0x008006fa        0x0 c:/winavr-20100110/bin/../lib/gcc/avr/4.3.3/avr5\libgcc.a(_udivmodsi4.o)
 *(.bss*)
 .bss.deb_i     0x008006fa        0x2 ./peripherals/src/uart.o
                0x008006fa                deb_i
 .bss.eth_i     0x008006fc        0x2 ./peripherals/src/uart.o
                0x008006fc                eth_i
 .bss.wasrx_uart_deb
                0x008006fe        0x1 ./peripherals/src/uart.o
                0x008006fe                wasrx_uart_deb
 .bss.wasrx_uart_eth
                0x008006ff        0x1 ./peripherals/src/uart.o
                0x008006ff                wasrx_uart_eth
 .bss.wastx_uart_deb
                0x00800700        0x1 ./peripherals/src/uart.o
                0x00800700                wastx_uart_deb
 .bss.mainStateNext
                0x00800701        0x1 ./main.o
                0x00800701                mainStateNext
 .bss.mainStatePrev
                0x00800702        0x1 ./main.o
                0x00800702                mainStatePrev
 .bss.periodicTasks
                0x00800703        0x1 ./main.o
                0x00800703                periodicTasks
 .bss.periodicTasksPrev
                0x00800704        0x1 ./main.o
                0x00800704                periodicTasksPrev
 .bss.nonperiodicTasks
                0x00800705        0x1 ./main.o
                0x00800705                nonperiodicTasks
 .bss.nixieDisplayStates
                0x00800706        0x1 ./main.o
                0x00800706                nixieDisplayStates
 .bss.nix       0x00800707        0x2 ./main.o
                0x00800707                nix
 .bss.was_butt1_int
                0x00800709        0x1 ./main.o
                0x00800709                was_butt1_int
 .bss.was_butt2_int
                0x0080070a        0x1 ./main.o
                0x0080070a                was_butt2_int
 .bss.was_pir_int
                0x0080070b        0x1 ./main.o
                0x0080070b                was_pir_int
 .bss.was_sysctrl_int
                0x0080070c        0x1 ./main.o
                0x0080070c                was_sysctrl_int
 .bss.was_nrf_int
                0x0080070d        0x1 ./main.o
                0x0080070d                was_nrf_int
 .bss.servoce_mode
                0x0080070e        0x1 ./main.o
                0x0080070e                servoce_mode
 *(COMMON)
 COMMON         0x0080070f       0x9e ./peripherals/src/hardware.o
                0x0080070f                digit
                0x00800713                nrf_message
                0x00800733                pipe
                0x00800734                lcd_rollmsg_array
                0x00800770                actTime
                0x00800777                ext_measuredData
                0x0080079a                loc_measuredData
                0x008007aa                printbuff
 COMMON         0x008007ad      0x1e0 ./peripherals/src/uart.o
                0x008007ad                rx_buffer_deb
                0x008007cb                rx_buffer_eth
 COMMON         0x0080098d       0x29 ./main.o
                0x0080098d                bufferin
                0x008009ad                temp
                0x008009af                tim2
                0x008009b1                temp_ch
 COMMON         0x008009b6        0x4 c:/winavr-20100110/bin/../lib/gcc/avr/4.3.3/../../../../avr/lib/avr5\libc.a(malloc.o)
                0x008009b6                __brkval
                0x008009b8                __flp
 COMMON         0x008009ba        0x2 c:/winavr-20100110/bin/../lib/gcc/avr/4.3.3/../../../../avr/lib/avr5\libc.a(errno.o)
                0x008009ba                errno
                0x008009bc                PROVIDE (__bss_end, .)
                0x00005878                __data_load_start = LOADADDR (.data)
                0x00005e72                __data_load_end = (__data_load_start + SIZEOF (.data))

.noinit         0x008009bc        0x0
                0x008009bc                PROVIDE (__noinit_start, .)
 *(.noinit*)
                0x008009bc                PROVIDE (__noinit_end, .)
                0x008009bc                _end = .
                0x008009bc                PROVIDE (__heap_start, .)

.eeprom         0x00810000        0x0
 *(.eeprom*)
                0x00810000                __eeprom_end = .

.fuse
 *(.fuse)
 *(.lfuse)
 *(.hfuse)
 *(.efuse)

.lock
 *(.lock*)

.signature
 *(.signature*)

.stab           0x00000000     0x8184
 *(.stab)
 .stab          0x00000000      0x4b0 ./peripherals/src/I2C.o
 .stab          0x000004b0      0x8f4 ./peripherals/src/clock.o
                                0xab0 (size before relaxing)
 .stab          0x00000da4      0x69c ./peripherals/src/dht.o
                                0x84c (size before relaxing)
 .stab          0x00001440      0x288 ./peripherals/src/ds1307.o
                                0x444 (size before relaxing)
 .stab          0x000016c8     0x25f8 ./peripherals/src/hardware.o
                               0x2808 (size before relaxing)
 .stab          0x00003cc0      0xaec ./peripherals/src/lcd.o
                                0xd44 (size before relaxing)
 .stab          0x000047ac      0xa8c ./peripherals/src/mynixie.o
                                0xd14 (size before relaxing)
 .stab          0x00005238      0xac8 ./peripherals/src/nrf24l01.o
                                0xce4 (size before relaxing)
 .stab          0x00005d00      0x1d4 ./peripherals/src/spi.o
                                0x390 (size before relaxing)
 .stab          0x00005ed4      0x9d8 ./peripherals/src/uart.o
                                0xc30 (size before relaxing)
 .stab          0x000068ac     0x18d8 ./main.o
                               0x1c68 (size before relaxing)

.stabstr        0x00000000     0x2a12
 *(.stabstr)
 .stabstr       0x00000000     0x2a12 ./peripherals/src/I2C.o

.stab.excl
 *(.stab.excl)

.stab.exclstr
 *(.stab.exclstr)

.stab.index
 *(.stab.index)

.stab.indexstr
 *(.stab.indexstr)

.comment
 *(.comment)

.debug
 *(.debug)

.line
 *(.line)

.debug_srcinfo
 *(.debug_srcinfo)

.debug_sfnames
 *(.debug_sfnames)

.debug_aranges  0x00000000       0xe0
 *(.debug_aranges)
 .debug_aranges
                0x00000000       0x20 c:/winavr-20100110/bin/../lib/gcc/avr/4.3.3/avr5\libgcc.a(_div_sf.o)
 .debug_aranges
                0x00000020       0x20 c:/winavr-20100110/bin/../lib/gcc/avr/4.3.3/avr5\libgcc.a(_gt_sf.o)
 .debug_aranges
                0x00000040       0x20 c:/winavr-20100110/bin/../lib/gcc/avr/4.3.3/avr5\libgcc.a(_usi_to_sf.o)
 .debug_aranges
                0x00000060       0x20 c:/winavr-20100110/bin/../lib/gcc/avr/4.3.3/avr5\libgcc.a(_clzsi2.o)
 .debug_aranges
                0x00000080       0x20 c:/winavr-20100110/bin/../lib/gcc/avr/4.3.3/avr5\libgcc.a(_pack_sf.o)
 .debug_aranges
                0x000000a0       0x20 c:/winavr-20100110/bin/../lib/gcc/avr/4.3.3/avr5\libgcc.a(_unpack_sf.o)
 .debug_aranges
                0x000000c0       0x20 c:/winavr-20100110/bin/../lib/gcc/avr/4.3.3/avr5\libgcc.a(_fpcmp_parts_sf.o)

.debug_pubnames
                0x00000000      0x128
 *(.debug_pubnames)
 .debug_pubnames
                0x00000000       0x1f c:/winavr-20100110/bin/../lib/gcc/avr/4.3.3/avr5\libgcc.a(_div_sf.o)
 .debug_pubnames
                0x0000001f       0x1e c:/winavr-20100110/bin/../lib/gcc/avr/4.3.3/avr5\libgcc.a(_gt_sf.o)
 .debug_pubnames
                0x0000003d       0x22 c:/winavr-20100110/bin/../lib/gcc/avr/4.3.3/avr5\libgcc.a(_thenan_sf.o)
 .debug_pubnames
                0x0000005f       0x24 c:/winavr-20100110/bin/../lib/gcc/avr/4.3.3/avr5\libgcc.a(_usi_to_sf.o)
 .debug_pubnames
                0x00000083       0x1f c:/winavr-20100110/bin/../lib/gcc/avr/4.3.3/avr5\libgcc.a(_clzsi2.o)
 .debug_pubnames
                0x000000a2       0x1f c:/winavr-20100110/bin/../lib/gcc/avr/4.3.3/avr5\libgcc.a(_pack_sf.o)
 .debug_pubnames
                0x000000c1       0x21 c:/winavr-20100110/bin/../lib/gcc/avr/4.3.3/avr5\libgcc.a(_unpack_sf.o)
 .debug_pubnames
                0x000000e2       0x26 c:/winavr-20100110/bin/../lib/gcc/avr/4.3.3/avr5\libgcc.a(_fpcmp_parts_sf.o)
 .debug_pubnames
                0x00000108       0x20 c:/winavr-20100110/bin/../lib/gcc/avr/4.3.3/avr5\libgcc.a(_clz.o)

.debug_info     0x00000000     0x12ad
 *(.debug_info)
 .debug_info    0x00000000      0x3fc c:/winavr-20100110/bin/../lib/gcc/avr/4.3.3/avr5\libgcc.a(_div_sf.o)
 .debug_info    0x000003fc      0x27f c:/winavr-20100110/bin/../lib/gcc/avr/4.3.3/avr5\libgcc.a(_gt_sf.o)
 .debug_info    0x0000067b      0x12c c:/winavr-20100110/bin/../lib/gcc/avr/4.3.3/avr5\libgcc.a(_thenan_sf.o)
 .debug_info    0x000007a7      0x206 c:/winavr-20100110/bin/../lib/gcc/avr/4.3.3/avr5\libgcc.a(_usi_to_sf.o)
 .debug_info    0x000009ad      0x117 c:/winavr-20100110/bin/../lib/gcc/avr/4.3.3/avr5\libgcc.a(_clzsi2.o)
 .debug_info    0x00000ac4      0x2df c:/winavr-20100110/bin/../lib/gcc/avr/4.3.3/avr5\libgcc.a(_pack_sf.o)
 .debug_info    0x00000da3      0x251 c:/winavr-20100110/bin/../lib/gcc/avr/4.3.3/avr5\libgcc.a(_unpack_sf.o)
 .debug_info    0x00000ff4      0x210 c:/winavr-20100110/bin/../lib/gcc/avr/4.3.3/avr5\libgcc.a(_fpcmp_parts_sf.o)
 .debug_info    0x00001204       0xa9 c:/winavr-20100110/bin/../lib/gcc/avr/4.3.3/avr5\libgcc.a(_clz.o)
 *(.gnu.linkonce.wi.*)

.debug_abbrev   0x00000000      0xaf1
 *(.debug_abbrev)
 .debug_abbrev  0x00000000      0x216 c:/winavr-20100110/bin/../lib/gcc/avr/4.3.3/avr5\libgcc.a(_div_sf.o)
 .debug_abbrev  0x00000216      0x15a c:/winavr-20100110/bin/../lib/gcc/avr/4.3.3/avr5\libgcc.a(_gt_sf.o)
 .debug_abbrev  0x00000370       0xad c:/winavr-20100110/bin/../lib/gcc/avr/4.3.3/avr5\libgcc.a(_thenan_sf.o)
 .debug_abbrev  0x0000041d      0x157 c:/winavr-20100110/bin/../lib/gcc/avr/4.3.3/avr5\libgcc.a(_usi_to_sf.o)
 .debug_abbrev  0x00000574       0xc4 c:/winavr-20100110/bin/../lib/gcc/avr/4.3.3/avr5\libgcc.a(_clzsi2.o)
 .debug_abbrev  0x00000638      0x1c0 c:/winavr-20100110/bin/../lib/gcc/avr/4.3.3/avr5\libgcc.a(_pack_sf.o)
 .debug_abbrev  0x000007f8      0x154 c:/winavr-20100110/bin/../lib/gcc/avr/4.3.3/avr5\libgcc.a(_unpack_sf.o)
 .debug_abbrev  0x0000094c      0x13b c:/winavr-20100110/bin/../lib/gcc/avr/4.3.3/avr5\libgcc.a(_fpcmp_parts_sf.o)
 .debug_abbrev  0x00000a87       0x6a c:/winavr-20100110/bin/../lib/gcc/avr/4.3.3/avr5\libgcc.a(_clz.o)

.debug_line     0x00000000      0x998
 *(.debug_line)
 .debug_line    0x00000000      0x1d5 c:/winavr-20100110/bin/../lib/gcc/avr/4.3.3/avr5\libgcc.a(_div_sf.o)
 .debug_line    0x000001d5       0xd3 c:/winavr-20100110/bin/../lib/gcc/avr/4.3.3/avr5\libgcc.a(_gt_sf.o)
 .debug_line    0x000002a8       0x90 c:/winavr-20100110/bin/../lib/gcc/avr/4.3.3/avr5\libgcc.a(_thenan_sf.o)
 .debug_line    0x00000338      0x133 c:/winavr-20100110/bin/../lib/gcc/avr/4.3.3/avr5\libgcc.a(_usi_to_sf.o)
 .debug_line    0x0000046b       0xa5 c:/winavr-20100110/bin/../lib/gcc/avr/4.3.3/avr5\libgcc.a(_clzsi2.o)
 .debug_line    0x00000510      0x18a c:/winavr-20100110/bin/../lib/gcc/avr/4.3.3/avr5\libgcc.a(_pack_sf.o)
 .debug_line    0x0000069a      0x14b c:/winavr-20100110/bin/../lib/gcc/avr/4.3.3/avr5\libgcc.a(_unpack_sf.o)
 .debug_line    0x000007e5      0x137 c:/winavr-20100110/bin/../lib/gcc/avr/4.3.3/avr5\libgcc.a(_fpcmp_parts_sf.o)
 .debug_line    0x0000091c       0x7c c:/winavr-20100110/bin/../lib/gcc/avr/4.3.3/avr5\libgcc.a(_clz.o)

.debug_frame    0x00000000       0xe0
 *(.debug_frame)
 .debug_frame   0x00000000       0x20 c:/winavr-20100110/bin/../lib/gcc/avr/4.3.3/avr5\libgcc.a(_div_sf.o)
 .debug_frame   0x00000020       0x20 c:/winavr-20100110/bin/../lib/gcc/avr/4.3.3/avr5\libgcc.a(_gt_sf.o)
 .debug_frame   0x00000040       0x20 c:/winavr-20100110/bin/../lib/gcc/avr/4.3.3/avr5\libgcc.a(_usi_to_sf.o)
 .debug_frame   0x00000060       0x20 c:/winavr-20100110/bin/../lib/gcc/avr/4.3.3/avr5\libgcc.a(_clzsi2.o)
 .debug_frame   0x00000080       0x20 c:/winavr-20100110/bin/../lib/gcc/avr/4.3.3/avr5\libgcc.a(_pack_sf.o)
 .debug_frame   0x000000a0       0x20 c:/winavr-20100110/bin/../lib/gcc/avr/4.3.3/avr5\libgcc.a(_unpack_sf.o)
 .debug_frame   0x000000c0       0x20 c:/winavr-20100110/bin/../lib/gcc/avr/4.3.3/avr5\libgcc.a(_fpcmp_parts_sf.o)

.debug_str      0x00000000      0x255
 *(.debug_str)
 .debug_str     0x00000000      0x180 c:/winavr-20100110/bin/../lib/gcc/avr/4.3.3/avr5\libgcc.a(_div_sf.o)
                                0x1c8 (size before relaxing)
 .debug_str     0x00000180        0x8 c:/winavr-20100110/bin/../lib/gcc/avr/4.3.3/avr5\libgcc.a(_gt_sf.o)
                                0x195 (size before relaxing)
 .debug_str     0x00000000      0x103 c:/winavr-20100110/bin/../lib/gcc/avr/4.3.3/avr5\libgcc.a(_thenan_sf.o)
 .debug_str     0x00000188       0x21 c:/winavr-20100110/bin/../lib/gcc/avr/4.3.3/avr5\libgcc.a(_usi_to_sf.o)
                                0x177 (size before relaxing)
 .debug_str     0x000001a9       0x81 c:/winavr-20100110/bin/../lib/gcc/avr/4.3.3/avr5\libgcc.a(_clzsi2.o)
                                0x111 (size before relaxing)
 .debug_str     0x0000022a       0x10 c:/winavr-20100110/bin/../lib/gcc/avr/4.3.3/avr5\libgcc.a(_pack_sf.o)
                                0x19d (size before relaxing)
 .debug_str     0x0000023a        0xb c:/winavr-20100110/bin/../lib/gcc/avr/4.3.3/avr5\libgcc.a(_unpack_sf.o)
                                0x17f (size before relaxing)
 .debug_str     0x00000245       0x10 c:/winavr-20100110/bin/../lib/gcc/avr/4.3.3/avr5\libgcc.a(_fpcmp_parts_sf.o)
                                0x163 (size before relaxing)
 .debug_str     0x00000000       0xf4 c:/winavr-20100110/bin/../lib/gcc/avr/4.3.3/avr5\libgcc.a(_clz.o)

.debug_loc      0x00000000      0x416
 *(.debug_loc)
 .debug_loc     0x00000000       0xc0 c:/winavr-20100110/bin/../lib/gcc/avr/4.3.3/avr5\libgcc.a(_div_sf.o)
 .debug_loc     0x000000c0       0x3c c:/winavr-20100110/bin/../lib/gcc/avr/4.3.3/avr5\libgcc.a(_gt_sf.o)
 .debug_loc     0x000000fc       0x4c c:/winavr-20100110/bin/../lib/gcc/avr/4.3.3/avr5\libgcc.a(_usi_to_sf.o)
 .debug_loc     0x00000148       0x94 c:/winavr-20100110/bin/../lib/gcc/avr/4.3.3/avr5\libgcc.a(_clzsi2.o)
 .debug_loc     0x000001dc      0x13e c:/winavr-20100110/bin/../lib/gcc/avr/4.3.3/avr5\libgcc.a(_pack_sf.o)
 .debug_loc     0x0000031a       0xac c:/winavr-20100110/bin/../lib/gcc/avr/4.3.3/avr5\libgcc.a(_unpack_sf.o)
 .debug_loc     0x000003c6       0x50 c:/winavr-20100110/bin/../lib/gcc/avr/4.3.3/avr5\libgcc.a(_fpcmp_parts_sf.o)

.debug_macinfo
 *(.debug_macinfo)
OUTPUT(NixieSensors_v1.elf elf32-avr)
LOAD linker stubs
